<html>
<body>
<pre>
<h1>µVision Build Log</h1>
<h2>Tool Versions:</h2>
IDE-Version: ¦ÌVision V5.12.0.0
Copyright (C) 2014 ARM Ltd and ARM Germany GmbH. All rights reserved.
License Information: Johnson Lau, freeiot.org, LIC=0VRHL-08D0K-JN3A8-3XSHN-N90ME-V2GH9
 
Tool Versions:
Toolchain:       MDK-ARM Professional  Version: 5.12.0.0
Toolchain Path:  C:\Keil_v5\ARM\ARMCC\Bin
C Compiler:      Armcc.exe V5.05 (build 41)
Assembler:       Armasm.exe V5.05 (build 41)
Linker/Locator:  ArmLink.exe V5.05 (build 41)
Library Manager: ArmAr.exe V5.05 (build 41)
Hex Converter:   FromElf.exe V5.05 (build 41)
CPU DLL:         SARMCM3.DLL V5.12.0.0
Dialog DLL:      DARMSTM.DLL V1.65.0.0
Target DLL:      UL2CM3.DLL V1.153.0.0
Dialog DLL:      TARMSTM.DLL V1.64.0.0
 
<h2>Project:</h2>
C:\app\gokit_sandbox\MDK_Project\Project.uvprojx
Project File Date:  11/30/2014

<h2>Output:</h2>
Rebuild target 'GoKit'
assembling startup_stm32f10x_md.s...
compiling core_cm3.c...
compiling stm32f10x_gpio.c...
compiling stm32f10x_rcc.c...
compiling stm32f10x_usart.c...
compiling misc.c...
compiling stm32f10x_tim.c...
compiling stm32f10x_exti.c...
compiling main.c...
compiling stm32f10x_it.c...
compiling system_stm32f10x.c...
compiling delay.c...
compiling hal_uart.c...
compiling hal_temp_hum.c...
compiling hal_infrared.c...
compiling sa_gpio.c...
compiling hal_motor.c...
compiling hal_rgb_led.c...
compiling hal_key.c...
compiling uart.c...
compiling key.c...
compiling infrared.c...
compiling buz_protocol.c...
compiling gen_protocol.c...
linking...
Program Size: Code=12956 RO-data=268 RW-data=64 ZI-data=2072  
FromELF: creating hex file...
After Build - User command #1: fromelf --bin .\output\gokit.axf  --output .\output\gokit.bin
".\output\gokit.axf" - 0 Error(s), 0 Warning(s).

<h2>Collection of Component include folders:</h2>
  C:\app\gokit_sandbox\MDK_Project\RTE
  C:\Keil_v5\ARM\PACK\Keil\STM32F1xx_DFP\1.0.5\Device\Include

<h2>Collection of Component Files used:</h2>
</pre>
</body>
</html>
ox\\MDK_Project\\output\\gokit.axf" 
Erase Done.
Programming Done.
Verify OK.
Application running ...
not created.
ng gen_protocol.c...
".\output\gokit.axf" - 6 Error(s), 0 Warning(s).

<h2>Collection of Component include folders:</h2>
  C:\app\gokit_sandbox\MDK_Project\RTE
  C:\Keil_v5\ARM\PACK\Keil\STM32F1xx_DFP\1.0.5\Device\Include

<h2>Collection of Component Files used:</h2>
Target not created.
ined
      m_protocol_reset_module.header.sn = sn;
..\User\Buz_Logic\gen_protocol.c: 1 warning, 1 error
".\output\gokit.axf" - 1 Error(s), 7 Warning(s).

<h2>Collection of Component include folders:</h2>
  C:\app\gokit_sandbox\MDK_Project\RTE
  C:\Keil_v5\ARM\PACK\Keil\STM32F1xx_DFP\1.0.5\Device\Include

<h2>Collection of Component Files used:</h2>
Target not created.
Load "C:\\app\\gokit_sandbox\\MDK_Project\\output\\gokit.axf" 
Erase Done.
Programming Done.
Verify OK.
Application running ...
