Component: ARM Compiler 5.05 (build 41) Tool: armlink [4d0eb9]

==============================================================================

Section Cross References

    startup_stm32f10x_md.o(STACK) refers (Special) to heapauxi.o(.text) for __use_two_region_memory
    startup_stm32f10x_md.o(HEAP) refers (Special) to heapauxi.o(.text) for __use_two_region_memory
    startup_stm32f10x_md.o(RESET) refers (Special) to heapauxi.o(.text) for __use_two_region_memory
    startup_stm32f10x_md.o(RESET) refers to startup_stm32f10x_md.o(STACK) for __initial_sp
    startup_stm32f10x_md.o(RESET) refers to startup_stm32f10x_md.o(.text) for Reset_Handler
    startup_stm32f10x_md.o(RESET) refers to stm32f10x_it.o(.text) for NMI_Handler
    startup_stm32f10x_md.o(RESET) refers to hal_motor.o(.text) for TIM4_IRQHandler
    startup_stm32f10x_md.o(.text) refers (Special) to heapauxi.o(.text) for __use_two_region_memory
    startup_stm32f10x_md.o(.text) refers to system_stm32f10x.o(.text) for SystemInit
    startup_stm32f10x_md.o(.text) refers to __main.o(!!!main) for __main
    startup_stm32f10x_md.o(.text) refers to startup_stm32f10x_md.o(HEAP) for Heap_Mem
    startup_stm32f10x_md.o(.text) refers to startup_stm32f10x_md.o(STACK) for Stack_Mem
    stm32f10x_gpio.o(.text) refers to stm32f10x_rcc.o(.text) for RCC_APB2PeriphResetCmd
    stm32f10x_rcc.o(.text) refers to stm32f10x_rcc.o(.data) for APBAHBPrescTable
    stm32f10x_usart.o(.text) refers to stm32f10x_rcc.o(.text) for RCC_APB2PeriphResetCmd
    stm32f10x_tim.o(.text) refers to stm32f10x_rcc.o(.text) for RCC_APB2PeriphResetCmd
    main.o(.text) refers to system_stm32f10x.o(.text) for SystemInit
    main.o(.text) refers to hal_uart.o(.text) for UART_Configuration
    main.o(.text) refers to delay.o(.text) for delay_init
    main.o(.text) refers to hal_key.o(.text) for KEY_GPIO_Init
    main.o(.text) refers to hal_motor.o(.text) for Motor_Init
    main.o(.text) refers to hal_rgb_led.o(.text) for RGB_LED_Init
    main.o(.text) refers to hal_temp_hum.o(.text) for DHT11_Init
    main.o(.text) refers to hal_infrared.o(.text) for IR_Init
    main.o(.text) refers to gen_protocol.o(.text) for GenProtocolInit
    main.o(.text) refers to buz_protocol.o(.text) for BuzProtocolInit
    main.o(.text) refers to uart.o(.text) for UartInit
    main.o(.text) refers to key.o(.text) for HandleKey
    stm32f10x_it.o(.text) refers to stm32f10x_usart.o(.text) for USART_GetITStatus
    stm32f10x_it.o(.text) refers to stm32f10x_tim.o(.text) for TIM_GetITStatus
    stm32f10x_it.o(.text) refers to hal_key.o(.text) for Get_Key
    stm32f10x_it.o(.text) refers to stm32f10x_gpio.o(.text) for GPIO_ReadInputDataBit
    stm32f10x_it.o(.text) refers to infrared.o(.text) for HandleIREvent
    stm32f10x_it.o(.text) refers to stm32f10x_exti.o(.text) for EXTI_ClearITPendingBit
    stm32f10x_it.o(.text) refers to uart.o(.data) for uart_got_one_msg
    stm32f10x_it.o(.text) refers to uart.o(.bss) for uart_buf
    stm32f10x_it.o(.text) refers to buz_protocol.o(.data) for check_status_time
    stm32f10x_it.o(.text) refers to stm32f10x_it.o(.data) for key_state
    stm32f10x_it.o(.text) refers to key.o(.data) for key_return
    system_stm32f10x.o(.text) refers to system_stm32f10x.o(.data) for SystemCoreClock
    delay.o(.text) refers to misc.o(.text) for SysTick_CLKSourceConfig
    delay.o(.text) refers to system_stm32f10x.o(.data) for SystemCoreClock
    delay.o(.text) refers to delay.o(.data) for fac_us
    hal_uart.o(.text) refers (Special) to use_no_semi_2.o(.text) for __use_no_semihosting
    hal_uart.o(.text) refers to stm32f10x_rcc.o(.text) for RCC_APB2PeriphClockCmd
    hal_uart.o(.text) refers to stm32f10x_gpio.o(.text) for GPIO_Init
    hal_uart.o(.text) refers to misc.o(.text) for NVIC_SetVectorTable
    hal_uart.o(.text) refers to stm32f10x_usart.o(.text) for USART_Init
    hal_uart.o(.data) refers (Special) to use_no_semi_2.o(.text) for __use_no_semihosting
    hal_temp_hum.o(.text) refers to stm32f10x_gpio.o(.text) for GPIO_Init
    hal_temp_hum.o(.text) refers to delay.o(.text) for delay_ms
    hal_temp_hum.o(.text) refers to stm32f10x_rcc.o(.text) for RCC_APB2PeriphClockCmd
    hal_infrared.o(.text) refers to stm32f10x_rcc.o(.text) for RCC_APB2PeriphClockCmd
    hal_infrared.o(.text) refers to stm32f10x_gpio.o(.text) for GPIO_Init
    hal_infrared.o(.text) refers to stm32f10x_exti.o(.text) for EXTI_ClearITPendingBit
    hal_infrared.o(.text) refers to misc.o(.text) for NVIC_Init
    sa_gpio.o(.text) refers to stm32f10x_rcc.o(.text) for RCC_APB2PeriphClockCmd
    sa_gpio.o(.text) refers to stm32f10x_gpio.o(.text) for GPIO_Init
    hal_motor.o(.text) refers to stm32f10x_tim.o(.text) for TIM_TimeBaseInit
    hal_motor.o(.text) refers to stm32f10x_rcc.o(.text) for RCC_APB1PeriphClockCmd
    hal_motor.o(.text) refers to sa_gpio.o(.text) for SA_GPIO_Init
    hal_rgb_led.o(.text) refers to stm32f10x_gpio.o(.text) for GPIO_ResetBits
    hal_rgb_led.o(.text) refers to stm32f10x_rcc.o(.text) for RCC_APB2PeriphClockCmd
    hal_key.o(.text) refers to stm32f10x_rcc.o(.text) for RCC_APB2PeriphClockCmd
    hal_key.o(.text) refers to stm32f10x_gpio.o(.text) for GPIO_Init
    hal_key.o(.text) refers to stm32f10x_tim.o(.text) for TIM_TimeBaseInit
    hal_key.o(.text) refers to misc.o(.text) for NVIC_Init
    uart.o(.text) refers to gen_protocol.o(.text) for CheckSum
    uart.o(.text) refers to buz_protocol.o(.text) for HandleModuleStatus
    uart.o(.text) refers to uart.o(.data) for uart_buf_index
    uart.o(.text) refers to uart.o(.bss) for uart_buf
    key.o(.text) refers to hal_rgb_led.o(.text) for LED_RGB_Control
    key.o(.text) refers to gen_protocol.o(.text) for SendResetModule
    key.o(.text) refers to key.o(.data) for key_return
    key.o(.text) refers to uart.o(.data) for uart_msg_sn
    buz_protocol.o(.text) refers to gen_protocol.o(.text) for ExchangeBytes
    buz_protocol.o(.text) refers to hal_rgb_led.o(.text) for LED_RGB_Control
    buz_protocol.o(.text) refers to buz_protocol.o(.bss) for m_protocol_write_ack
    buz_protocol.o(.text) refers to uart.o(.data) for uart_msg_sn
    buz_protocol.o(.text) refers to buz_protocol.o(.data) for check_status_time
    gen_protocol.o(.text) refers to rt_memclr.o(.text) for __aeabi_memclr
    gen_protocol.o(.text) refers to rt_memcpy_v6.o(.text) for __aeabi_memcpy
    gen_protocol.o(.text) refers to hal_uart.o(.text) for UART1_Send_DATA
    gen_protocol.o(.text) refers to delay.o(.text) for delay_ms
    gen_protocol.o(.text) refers to gen_protocol.o(.bss) for m_protocol_cmd_error
    gen_protocol.o(.text) refers to uart.o(.data) for uart_wait_ack_time
    gen_protocol.o(.text) refers to uart.o(.bss) for uart_buf
    use_no_semi_2.o(.text) refers (Special) to use_no_semi.o(.text) for __use_no_semihosting_swi
    rt_memcpy_v6.o(.text) refers to rt_memcpy_w.o(.text) for __aeabi_memcpy4
    rt_memclr.o(.text) refers to rt_memclr_w.o(.text) for _memset_w
    __main.o(!!!main) refers to __rtentry.o(.ARM.Collect$$rtentry$$00000000) for __rt_entry
    __rtentry.o(.ARM.Collect$$rtentry$$00000000) refers (Special) to __rtentry2.o(.ARM.Collect$$rtentry$$0000000A) for __rt_entry_li
    __rtentry.o(.ARM.Collect$$rtentry$$00000000) refers (Special) to __rtentry2.o(.ARM.Collect$$rtentry$$0000000D) for __rt_entry_main
    __rtentry.o(.ARM.Collect$$rtentry$$00000000) refers (Special) to __rtentry2.o(.ARM.Collect$$rtentry$$0000000C) for __rt_entry_postli_1
    __rtentry.o(.ARM.Collect$$rtentry$$00000000) refers (Special) to __rtentry2.o(.ARM.Collect$$rtentry$$00000009) for __rt_entry_postsh_1
    __rtentry.o(.ARM.Collect$$rtentry$$00000000) refers (Special) to __rtentry2.o(.ARM.Collect$$rtentry$$00000002) for __rt_entry_presh_1
    __rtentry.o(.ARM.Collect$$rtentry$$00000000) refers (Special) to __rtentry4.o(.ARM.Collect$$rtentry$$00000004) for __rt_entry_sh
    __rtentry2.o(.ARM.Collect$$rtentry$$00000008) refers to boardinit2.o(.text) for _platform_post_stackheap_init
    __rtentry2.o(.ARM.Collect$$rtentry$$0000000A) refers to libinit.o(.ARM.Collect$$libinit$$00000000) for __rt_lib_init
    __rtentry2.o(.ARM.Collect$$rtentry$$0000000B) refers to boardinit3.o(.text) for _platform_post_lib_init
    __rtentry2.o(.ARM.Collect$$rtentry$$0000000D) refers to main.o(.text) for main
    __rtentry2.o(.ARM.Collect$$rtentry$$0000000D) refers to exit.o(.text) for exit
    __rtentry2.o(.ARM.exidx) refers to __rtentry2.o(.ARM.Collect$$rtentry$$00000001) for .ARM.Collect$$rtentry$$00000001
    __rtentry2.o(.ARM.exidx) refers to __rtentry2.o(.ARM.Collect$$rtentry$$00000008) for .ARM.Collect$$rtentry$$00000008
    __rtentry2.o(.ARM.exidx) refers to __rtentry2.o(.ARM.Collect$$rtentry$$0000000A) for .ARM.Collect$$rtentry$$0000000A
    __rtentry2.o(.ARM.exidx) refers to __rtentry2.o(.ARM.Collect$$rtentry$$0000000B) for .ARM.Collect$$rtentry$$0000000B
    __rtentry2.o(.ARM.exidx) refers to __rtentry2.o(.ARM.Collect$$rtentry$$0000000D) for .ARM.Collect$$rtentry$$0000000D
    __rtentry4.o(.ARM.Collect$$rtentry$$00000004) refers to sys_stackheap_outer.o(.text) for __user_setup_stackheap
    __rtentry4.o(.ARM.exidx) refers to __rtentry4.o(.ARM.Collect$$rtentry$$00000004) for .ARM.Collect$$rtentry$$00000004
    sys_stackheap_outer.o(.text) refers to libspace.o(.text) for __user_perproc_libspace
    sys_stackheap_outer.o(.text) refers to startup_stm32f10x_md.o(.text) for __user_initial_stackheap
    exit.o(.text) refers to rtexit.o(.ARM.Collect$$rtexit$$00000000) for __rt_exit
    libinit.o(.ARM.Collect$$libinit$$00000000) refers (Special) to libinit2.o(.ARM.Collect$$libinit$$0000002E) for __rt_lib_init_alloca_1
    libinit.o(.ARM.Collect$$libinit$$00000000) refers (Special) to libinit2.o(.ARM.Collect$$libinit$$0000002C) for __rt_lib_init_argv_1
    libinit.o(.ARM.Collect$$libinit$$00000000) refers (Special) to libinit2.o(.ARM.Collect$$libinit$$0000001B) for __rt_lib_init_atexit_1
    libinit.o(.ARM.Collect$$libinit$$00000000) refers (Special) to libinit2.o(.ARM.Collect$$libinit$$00000021) for __rt_lib_init_clock_1
    libinit.o(.ARM.Collect$$libinit$$00000000) refers (Special) to libinit2.o(.ARM.Collect$$libinit$$00000032) for __rt_lib_init_cpp_1
    libinit.o(.ARM.Collect$$libinit$$00000000) refers (Special) to libinit2.o(.ARM.Collect$$libinit$$00000030) for __rt_lib_init_exceptions_1
    libinit.o(.ARM.Collect$$libinit$$00000000) refers (Special) to libinit2.o(.ARM.Collect$$libinit$$00000002) for __rt_lib_init_fp_1
    libinit.o(.ARM.Collect$$libinit$$00000000) refers (Special) to libinit2.o(.ARM.Collect$$libinit$$0000001F) for __rt_lib_init_fp_trap_1
    libinit.o(.ARM.Collect$$libinit$$00000000) refers (Special) to libinit2.o(.ARM.Collect$$libinit$$00000023) for __rt_lib_init_getenv_1
    libinit.o(.ARM.Collect$$libinit$$00000000) refers (Special) to libinit2.o(.ARM.Collect$$libinit$$0000000A) for __rt_lib_init_heap_1
    libinit.o(.ARM.Collect$$libinit$$00000000) refers (Special) to libinit2.o(.ARM.Collect$$libinit$$00000011) for __rt_lib_init_lc_collate_1
    libinit.o(.ARM.Collect$$libinit$$00000000) refers (Special) to libinit2.o(.ARM.Collect$$libinit$$00000013) for __rt_lib_init_lc_ctype_1
    libinit.o(.ARM.Collect$$libinit$$00000000) refers (Special) to libinit2.o(.ARM.Collect$$libinit$$00000015) for __rt_lib_init_lc_monetary_1
    libinit.o(.ARM.Collect$$libinit$$00000000) refers (Special) to libinit2.o(.ARM.Collect$$libinit$$00000017) for __rt_lib_init_lc_numeric_1
    libinit.o(.ARM.Collect$$libinit$$00000000) refers (Special) to libinit2.o(.ARM.Collect$$libinit$$00000019) for __rt_lib_init_lc_time_1
    libinit.o(.ARM.Collect$$libinit$$00000000) refers (Special) to libinit2.o(.ARM.Collect$$libinit$$00000004) for __rt_lib_init_preinit_1
    libinit.o(.ARM.Collect$$libinit$$00000000) refers (Special) to libinit2.o(.ARM.Collect$$libinit$$0000000E) for __rt_lib_init_rand_1
    libinit.o(.ARM.Collect$$libinit$$00000000) refers (Special) to libinit2.o(.ARM.Collect$$libinit$$00000033) for __rt_lib_init_return
    libinit.o(.ARM.Collect$$libinit$$00000000) refers (Special) to libinit2.o(.ARM.Collect$$libinit$$0000001D) for __rt_lib_init_signal_1
    libinit.o(.ARM.Collect$$libinit$$00000000) refers (Special) to libinit2.o(.ARM.Collect$$libinit$$00000025) for __rt_lib_init_stdio_1
    libinit.o(.ARM.Collect$$libinit$$00000000) refers (Special) to libinit2.o(.ARM.Collect$$libinit$$0000000C) for __rt_lib_init_user_alloc_1
    libspace.o(.text) refers to libspace.o(.bss) for __libspace_start
    rtexit.o(.ARM.Collect$$rtexit$$00000000) refers (Special) to rtexit2.o(.ARM.Collect$$rtexit$$00000004) for __rt_exit_exit
    rtexit.o(.ARM.Collect$$rtexit$$00000000) refers (Special) to rtexit2.o(.ARM.Collect$$rtexit$$00000003) for __rt_exit_ls
    rtexit.o(.ARM.Collect$$rtexit$$00000000) refers (Special) to rtexit2.o(.ARM.Collect$$rtexit$$00000002) for __rt_exit_prels_1
    rtexit.o(.ARM.exidx) refers (Special) to rtexit2.o(.ARM.Collect$$rtexit$$00000004) for __rt_exit_exit
    rtexit.o(.ARM.exidx) refers (Special) to rtexit2.o(.ARM.Collect$$rtexit$$00000003) for __rt_exit_ls
    rtexit.o(.ARM.exidx) refers (Special) to rtexit2.o(.ARM.Collect$$rtexit$$00000002) for __rt_exit_prels_1
    rtexit.o(.ARM.exidx) refers to rtexit.o(.ARM.Collect$$rtexit$$00000000) for .ARM.Collect$$rtexit$$00000000
    libinit2.o(.ARM.Collect$$libinit$$00000010) refers to libinit2.o(.ARM.Collect$$libinit$$0000000F) for .ARM.Collect$$libinit$$0000000F
    libinit2.o(.ARM.Collect$$libinit$$00000012) refers to libinit2.o(.ARM.Collect$$libinit$$0000000F) for .ARM.Collect$$libinit$$0000000F
    libinit2.o(.ARM.Collect$$libinit$$00000014) refers to libinit2.o(.ARM.Collect$$libinit$$0000000F) for .ARM.Collect$$libinit$$0000000F
    libinit2.o(.ARM.Collect$$libinit$$00000016) refers to libinit2.o(.ARM.Collect$$libinit$$0000000F) for .ARM.Collect$$libinit$$0000000F
    libinit2.o(.ARM.Collect$$libinit$$00000018) refers to libinit2.o(.ARM.Collect$$libinit$$0000000F) for .ARM.Collect$$libinit$$0000000F
    libinit2.o(.ARM.Collect$$libinit$$00000026) refers to argv_veneer.o(.emb_text) for __ARM_argv_veneer
    libinit2.o(.ARM.Collect$$libinit$$00000027) refers to argv_veneer.o(.emb_text) for __ARM_argv_veneer
    rtexit2.o(.ARM.Collect$$rtexit$$00000003) refers to libshutdown.o(.ARM.Collect$$libshutdown$$00000000) for __rt_lib_shutdown
    rtexit2.o(.ARM.Collect$$rtexit$$00000004) refers to hal_uart.o(.text) for _sys_exit
    rtexit2.o(.ARM.exidx) refers to rtexit2.o(.ARM.Collect$$rtexit$$00000001) for .ARM.Collect$$rtexit$$00000001
    rtexit2.o(.ARM.exidx) refers to rtexit2.o(.ARM.Collect$$rtexit$$00000003) for .ARM.Collect$$rtexit$$00000003
    rtexit2.o(.ARM.exidx) refers to rtexit2.o(.ARM.Collect$$rtexit$$00000004) for .ARM.Collect$$rtexit$$00000004
    argv_veneer.o(.emb_text) refers to no_argv.o(.text) for __ARM_get_argv
    _get_argv_nomalloc.o(.text) refers (Special) to hrguard.o(.text) for __heap_region$guard
    _get_argv_nomalloc.o(.text) refers to defsig_rtmem_outer.o(.text) for __rt_SIGRTMEM
    _get_argv_nomalloc.o(.text) refers to sys_command.o(.text) for _sys_command_string
    libshutdown.o(.ARM.Collect$$libshutdown$$00000000) refers (Special) to libshutdown2.o(.ARM.Collect$$libshutdown$$00000006) for __rt_lib_shutdown_fp_trap_1
    libshutdown.o(.ARM.Collect$$libshutdown$$00000000) refers (Special) to libshutdown2.o(.ARM.Collect$$libshutdown$$0000000E) for __rt_lib_shutdown_heap_1
    libshutdown.o(.ARM.Collect$$libshutdown$$00000000) refers (Special) to libshutdown2.o(.ARM.Collect$$libshutdown$$0000000F) for __rt_lib_shutdown_return
    libshutdown.o(.ARM.Collect$$libshutdown$$00000000) refers (Special) to libshutdown2.o(.ARM.Collect$$libshutdown$$00000009) for __rt_lib_shutdown_signal_1
    libshutdown.o(.ARM.Collect$$libshutdown$$00000000) refers (Special) to libshutdown2.o(.ARM.Collect$$libshutdown$$00000003) for __rt_lib_shutdown_stdio_1
    libshutdown.o(.ARM.Collect$$libshutdown$$00000000) refers (Special) to libshutdown2.o(.ARM.Collect$$libshutdown$$0000000B) for __rt_lib_shutdown_user_alloc_1
    sys_command.o(.text) refers (Special) to use_no_semi.o(.text) for __I$use$semihosting
    sys_command.o(.text) refers (Special) to indicate_semi.o(.text) for __semihosting_library_function
    defsig_rtmem_outer.o(.text) refers to defsig_rtmem_inner.o(.text) for __rt_SIGRTMEM_inner
    defsig_rtmem_outer.o(.text) refers to defsig_exit.o(.text) for __sig_exit
    defsig_rtmem_formal.o(.text) refers to rt_raise.o(.text) for __rt_raise
    rt_raise.o(.text) refers to __raise.o(.text) for __raise
    rt_raise.o(.text) refers to hal_uart.o(.text) for _sys_exit
    defsig_exit.o(.text) refers to hal_uart.o(.text) for _sys_exit
    defsig_rtmem_inner.o(.text) refers to defsig_general.o(.text) for __default_signal_display
    __raise.o(.text) refers to defsig.o(CL$$defsig) for __default_signal_handler
    defsig_general.o(.text) refers to sys_wrch.o(.text) for _ttywrch
    sys_wrch.o(.text) refers (Special) to use_no_semi.o(.text) for __I$use$semihosting
    sys_wrch.o(.text) refers (Special) to indicate_semi.o(.text) for __semihosting_library_function
    defsig.o(CL$$defsig) refers to defsig_rtmem_inner.o(.text) for __rt_SIGRTMEM_inner
    defsig_abrt_inner.o(.text) refers to defsig_general.o(.text) for __default_signal_display
    defsig_fpe_inner.o(.text) refers to defsig_general.o(.text) for __default_signal_display
    defsig_rtred_inner.o(.text) refers to defsig_general.o(.text) for __default_signal_display
    defsig_stak_inner.o(.text) refers to defsig_general.o(.text) for __default_signal_display
    defsig_pvfn_inner.o(.text) refers to defsig_general.o(.text) for __default_signal_display
    defsig_cppl_inner.o(.text) refers to defsig_general.o(.text) for __default_signal_display
    defsig_segv_inner.o(.text) refers to defsig_general.o(.text) for __default_signal_display
    defsig_other.o(.text) refers to defsig_general.o(.text) for __default_signal_display


==============================================================================

Removing Unused input sections from the image.

    Removing core_cm3.o(.emb_text), (32 bytes).
    Removing hal_uart.o(.data), (4 bytes).

2 unused section(s) (total 36 bytes) removed from the image.

==============================================================================

Image Symbol Table

    Local Symbols

    Symbol Name                              Value     Ov Type        Size  Object(Section)

    ../clib/angel/boardlib.s                 0x00000000   Number         0  boardinit1.o ABSOLUTE
    ../clib/angel/boardlib.s                 0x00000000   Number         0  boardinit2.o ABSOLUTE
    ../clib/angel/boardlib.s                 0x00000000   Number         0  boardinit3.o ABSOLUTE
    ../clib/angel/boardlib.s                 0x00000000   Number         0  boardshut.o ABSOLUTE
    ../clib/angel/handlers.s                 0x00000000   Number         0  __scatter_copy.o ABSOLUTE
    ../clib/angel/handlers.s                 0x00000000   Number         0  __scatter_zi.o ABSOLUTE
    ../clib/angel/kernel.s                   0x00000000   Number         0  __rtentry2.o ABSOLUTE
    ../clib/angel/kernel.s                   0x00000000   Number         0  rtexit.o ABSOLUTE
    ../clib/angel/kernel.s                   0x00000000   Number         0  rtexit2.o ABSOLUTE
    ../clib/angel/kernel.s                   0x00000000   Number         0  __rtentry.o ABSOLUTE
    ../clib/angel/kernel.s                   0x00000000   Number         0  __rtentry4.o ABSOLUTE
    ../clib/angel/rt.s                       0x00000000   Number         0  rt_raise.o ABSOLUTE
    ../clib/angel/scatter.s                  0x00000000   Number         0  __scatter.o ABSOLUTE
    ../clib/angel/startup.s                  0x00000000   Number         0  __main.o ABSOLUTE
    ../clib/angel/sys.s                      0x00000000   Number         0  use_no_semi_2.o ABSOLUTE
    ../clib/angel/sys.s                      0x00000000   Number         0  libspace.o ABSOLUTE
    ../clib/angel/sys.s                      0x00000000   Number         0  use_no_semi.o ABSOLUTE
    ../clib/angel/sys.s                      0x00000000   Number         0  sys_stackheap_outer.o ABSOLUTE
    ../clib/angel/sys.s                      0x00000000   Number         0  indicate_semi.o ABSOLUTE
    ../clib/angel/sysapp.c                   0x00000000   Number         0  sys_wrch.o ABSOLUTE
    ../clib/angel/sysapp.c                   0x00000000   Number         0  sys_command.o ABSOLUTE
    ../clib/armsys.c                         0x00000000   Number         0  argv_veneer.o ABSOLUTE
    ../clib/armsys.c                         0x00000000   Number         0  argv_veneer.o ABSOLUTE
    ../clib/armsys.c                         0x00000000   Number         0  _get_argv_nomalloc.o ABSOLUTE
    ../clib/armsys.c                         0x00000000   Number         0  no_argv.o ABSOLUTE
    ../clib/heapalloc.c                      0x00000000   Number         0  hrguard.o ABSOLUTE
    ../clib/heapaux.c                        0x00000000   Number         0  heapauxi.o ABSOLUTE
    ../clib/libinit.s                        0x00000000   Number         0  libinit2.o ABSOLUTE
    ../clib/libinit.s                        0x00000000   Number         0  libshutdown2.o ABSOLUTE
    ../clib/libinit.s                        0x00000000   Number         0  libshutdown.o ABSOLUTE
    ../clib/libinit.s                        0x00000000   Number         0  libinit.o ABSOLUTE
    ../clib/memcpset.s                       0x00000000   Number         0  rt_memcpy_w.o ABSOLUTE
    ../clib/memcpset.s                       0x00000000   Number         0  rt_memclr_w.o ABSOLUTE
    ../clib/memcpset.s                       0x00000000   Number         0  rt_memcpy_v6.o ABSOLUTE
    ../clib/memcpset.s                       0x00000000   Number         0  rt_memclr.o ABSOLUTE
    ../clib/signal.c                         0x00000000   Number         0  defsig_general.o ABSOLUTE
    ../clib/signal.c                         0x00000000   Number         0  defsig_rtmem_formal.o ABSOLUTE
    ../clib/signal.c                         0x00000000   Number         0  defsig_exit.o ABSOLUTE
    ../clib/signal.c                         0x00000000   Number         0  defsig_rtmem_inner.o ABSOLUTE
    ../clib/signal.c                         0x00000000   Number         0  __raise.o ABSOLUTE
    ../clib/signal.c                         0x00000000   Number         0  defsig_rtmem_outer.o ABSOLUTE
    ../clib/signal.c                         0x00000000   Number         0  defsig_fpe_inner.o ABSOLUTE
    ../clib/signal.c                         0x00000000   Number         0  defsig_rtred_inner.o ABSOLUTE
    ../clib/signal.c                         0x00000000   Number         0  defsig_stak_inner.o ABSOLUTE
    ../clib/signal.c                         0x00000000   Number         0  defsig_pvfn_inner.o ABSOLUTE
    ../clib/signal.c                         0x00000000   Number         0  defsig_cppl_inner.o ABSOLUTE
    ../clib/signal.c                         0x00000000   Number         0  defsig_segv_inner.o ABSOLUTE
    ../clib/signal.c                         0x00000000   Number         0  defsig_other.o ABSOLUTE
    ../clib/signal.c                         0x00000000   Number         0  defsig_abrt_inner.o ABSOLUTE
    ../clib/signal.s                         0x00000000   Number         0  defsig.o ABSOLUTE
    ../clib/stdlib.c                         0x00000000   Number         0  exit.o ABSOLUTE
    ../fplib/fpinit.s                        0x00000000   Number         0  fpinit.o ABSOLUTE
    ..\Lib\cmsis\core_cm3.c                  0x00000000   Number         0  core_cm3.o ABSOLUTE
    ..\Lib\src\misc.c                        0x00000000   Number         0  misc.o ABSOLUTE
    ..\Lib\src\stm32f10x_exti.c              0x00000000   Number         0  stm32f10x_exti.o ABSOLUTE
    ..\Lib\src\stm32f10x_gpio.c              0x00000000   Number         0  stm32f10x_gpio.o ABSOLUTE
    ..\Lib\src\stm32f10x_rcc.c               0x00000000   Number         0  stm32f10x_rcc.o ABSOLUTE
    ..\Lib\src\stm32f10x_tim.c               0x00000000   Number         0  stm32f10x_tim.o ABSOLUTE
    ..\Lib\src\stm32f10x_usart.c             0x00000000   Number         0  stm32f10x_usart.o ABSOLUTE
    ..\Lib\startup\arm\startup_stm32f10x_md.s 0x00000000   Number         0  startup_stm32f10x_md.o ABSOLUTE
    ..\User\Buz_Logic\buz_protocol.c         0x00000000   Number         0  buz_protocol.o ABSOLUTE
    ..\User\Buz_Logic\gen_protocol.c         0x00000000   Number         0  gen_protocol.o ABSOLUTE
    ..\User\Buz_Logic\infrared.c             0x00000000   Number         0  infrared.o ABSOLUTE
    ..\User\Buz_Logic\key.c                  0x00000000   Number         0  key.o ABSOLUTE
    ..\User\Buz_Logic\uart.c                 0x00000000   Number         0  uart.o ABSOLUTE
    ..\User\Hal_Driver\GPIO\sa_gpio.c        0x00000000   Number         0  sa_gpio.o ABSOLUTE
    ..\User\Hal_Driver\hal_infrared.c        0x00000000   Number         0  hal_infrared.o ABSOLUTE
    ..\User\Hal_Driver\hal_key.c             0x00000000   Number         0  hal_key.o ABSOLUTE
    ..\User\Hal_Driver\hal_motor.c           0x00000000   Number         0  hal_motor.o ABSOLUTE
    ..\User\Hal_Driver\hal_rgb_led.c         0x00000000   Number         0  hal_rgb_led.o ABSOLUTE
    ..\User\Hal_Driver\hal_temp_hum.c        0x00000000   Number         0  hal_temp_hum.o ABSOLUTE
    ..\User\Hal_Driver\hal_uart.c            0x00000000   Number         0  hal_uart.o ABSOLUTE
    ..\User\delay.c                          0x00000000   Number         0  delay.o ABSOLUTE
    ..\\Lib\\cmsis\\core_cm3.c               0x00000000   Number         0  core_cm3.o ABSOLUTE
    ..\user\main.c                           0x00000000   Number         0  main.o ABSOLUTE
    ..\user\stm32f10x_it.c                   0x00000000   Number         0  stm32f10x_it.o ABSOLUTE
    ..\user\system_stm32f10x.c               0x00000000   Number         0  system_stm32f10x.o ABSOLUTE
    dc.s                                     0x00000000   Number         0  dc.o ABSOLUTE
    RESET                                    0x08000000   Section      236  startup_stm32f10x_md.o(RESET)
    !!!main                                  0x080000ec   Section        8  __main.o(!!!main)
    !!!scatter                               0x080000f4   Section       52  __scatter.o(!!!scatter)
    !!handler_copy                           0x08000128   Section       26  __scatter_copy.o(!!handler_copy)
    !!handler_zi                             0x08000144   Section       28  __scatter_zi.o(!!handler_zi)
    .ARM.Collect$$libinit$$00000000          0x08000160   Section        2  libinit.o(.ARM.Collect$$libinit$$00000000)
    .ARM.Collect$$libinit$$00000002          0x08000162   Section        0  libinit2.o(.ARM.Collect$$libinit$$00000002)
    .ARM.Collect$$libinit$$00000004          0x08000162   Section        0  libinit2.o(.ARM.Collect$$libinit$$00000004)
    .ARM.Collect$$libinit$$0000000A          0x08000162   Section        0  libinit2.o(.ARM.Collect$$libinit$$0000000A)
    .ARM.Collect$$libinit$$0000000C          0x08000162   Section        0  libinit2.o(.ARM.Collect$$libinit$$0000000C)
    .ARM.Collect$$libinit$$0000000E          0x08000162   Section        0  libinit2.o(.ARM.Collect$$libinit$$0000000E)
    .ARM.Collect$$libinit$$00000011          0x08000162   Section        0  libinit2.o(.ARM.Collect$$libinit$$00000011)
    .ARM.Collect$$libinit$$00000013          0x08000162   Section        0  libinit2.o(.ARM.Collect$$libinit$$00000013)
    .ARM.Collect$$libinit$$00000015          0x08000162   Section        0  libinit2.o(.ARM.Collect$$libinit$$00000015)
    .ARM.Collect$$libinit$$00000017          0x08000162   Section        0  libinit2.o(.ARM.Collect$$libinit$$00000017)
    .ARM.Collect$$libinit$$00000019          0x08000162   Section        0  libinit2.o(.ARM.Collect$$libinit$$00000019)
    .ARM.Collect$$libinit$$0000001B          0x08000162   Section        0  libinit2.o(.ARM.Collect$$libinit$$0000001B)
    .ARM.Collect$$libinit$$0000001D          0x08000162   Section        0  libinit2.o(.ARM.Collect$$libinit$$0000001D)
    .ARM.Collect$$libinit$$0000001F          0x08000162   Section        0  libinit2.o(.ARM.Collect$$libinit$$0000001F)
    .ARM.Collect$$libinit$$00000021          0x08000162   Section        0  libinit2.o(.ARM.Collect$$libinit$$00000021)
    .ARM.Collect$$libinit$$00000023          0x08000162   Section        0  libinit2.o(.ARM.Collect$$libinit$$00000023)
    .ARM.Collect$$libinit$$00000025          0x08000162   Section        0  libinit2.o(.ARM.Collect$$libinit$$00000025)
    .ARM.Collect$$libinit$$0000002C          0x08000162   Section        0  libinit2.o(.ARM.Collect$$libinit$$0000002C)
    .ARM.Collect$$libinit$$0000002E          0x08000162   Section        0  libinit2.o(.ARM.Collect$$libinit$$0000002E)
    .ARM.Collect$$libinit$$00000030          0x08000162   Section        0  libinit2.o(.ARM.Collect$$libinit$$00000030)
    .ARM.Collect$$libinit$$00000032          0x08000162   Section        0  libinit2.o(.ARM.Collect$$libinit$$00000032)
    .ARM.Collect$$libinit$$00000033          0x08000162   Section        2  libinit2.o(.ARM.Collect$$libinit$$00000033)
    .ARM.Collect$$libshutdown$$00000000      0x08000164   Section        2  libshutdown.o(.ARM.Collect$$libshutdown$$00000000)
    .ARM.Collect$$libshutdown$$00000003      0x08000166   Section        0  libshutdown2.o(.ARM.Collect$$libshutdown$$00000003)
    .ARM.Collect$$libshutdown$$00000006      0x08000166   Section        0  libshutdown2.o(.ARM.Collect$$libshutdown$$00000006)
    .ARM.Collect$$libshutdown$$00000009      0x08000166   Section        0  libshutdown2.o(.ARM.Collect$$libshutdown$$00000009)
    .ARM.Collect$$libshutdown$$0000000B      0x08000166   Section        0  libshutdown2.o(.ARM.Collect$$libshutdown$$0000000B)
    .ARM.Collect$$libshutdown$$0000000E      0x08000166   Section        0  libshutdown2.o(.ARM.Collect$$libshutdown$$0000000E)
    .ARM.Collect$$libshutdown$$0000000F      0x08000166   Section        2  libshutdown2.o(.ARM.Collect$$libshutdown$$0000000F)
    .ARM.Collect$$rtentry$$00000000          0x08000168   Section        0  __rtentry.o(.ARM.Collect$$rtentry$$00000000)
    .ARM.Collect$$rtentry$$00000002          0x08000168   Section        0  __rtentry2.o(.ARM.Collect$$rtentry$$00000002)
    .ARM.Collect$$rtentry$$00000004          0x08000168   Section        6  __rtentry4.o(.ARM.Collect$$rtentry$$00000004)
    .ARM.Collect$$rtentry$$00000009          0x0800016e   Section        0  __rtentry2.o(.ARM.Collect$$rtentry$$00000009)
    .ARM.Collect$$rtentry$$0000000A          0x0800016e   Section        4  __rtentry2.o(.ARM.Collect$$rtentry$$0000000A)
    .ARM.Collect$$rtentry$$0000000C          0x08000172   Section        0  __rtentry2.o(.ARM.Collect$$rtentry$$0000000C)
    .ARM.Collect$$rtentry$$0000000D          0x08000172   Section        8  __rtentry2.o(.ARM.Collect$$rtentry$$0000000D)
    .ARM.Collect$$rtexit$$00000000           0x0800017a   Section        2  rtexit.o(.ARM.Collect$$rtexit$$00000000)
    .ARM.Collect$$rtexit$$00000002           0x0800017c   Section        0  rtexit2.o(.ARM.Collect$$rtexit$$00000002)
    .ARM.Collect$$rtexit$$00000003           0x0800017c   Section        4  rtexit2.o(.ARM.Collect$$rtexit$$00000003)
    .ARM.Collect$$rtexit$$00000004           0x08000180   Section        6  rtexit2.o(.ARM.Collect$$rtexit$$00000004)
    .text                                    0x08000188   Section       64  startup_stm32f10x_md.o(.text)
    .text                                    0x080001c8   Section        0  stm32f10x_gpio.o(.text)
    .text                                    0x08000524   Section        0  stm32f10x_rcc.o(.text)
    .text                                    0x080008c8   Section        0  stm32f10x_usart.o(.text)
    .text                                    0x08000cd0   Section        0  misc.o(.text)
    .text                                    0x08000dac   Section        0  stm32f10x_tim.o(.text)
    TI4_Config                               0x08001253   Thumb Code   130  stm32f10x_tim.o(.text)
    TI3_Config                               0x080012e7   Thumb Code   122  stm32f10x_tim.o(.text)
    TI2_Config                               0x0800137b   Thumb Code   130  stm32f10x_tim.o(.text)
    TI1_Config                               0x0800140f   Thumb Code   108  stm32f10x_tim.o(.text)
    .text                                    0x08001bc8   Section        0  stm32f10x_exti.o(.text)
    .text                                    0x08001ce4   Section        0  main.o(.text)
    .text                                    0x08001d2c   Section        0  stm32f10x_it.o(.text)
    .text                                    0x08001f60   Section        0  system_stm32f10x.o(.text)
    SetSysClockTo72                          0x08001f61   Thumb Code   214  system_stm32f10x.o(.text)
    SetSysClock                              0x08002037   Thumb Code     8  system_stm32f10x.o(.text)
    .text                                    0x08002140   Section        0  delay.o(.text)
    .text                                    0x08002214   Section        0  hal_uart.o(.text)
    .text                                    0x08002324   Section        0  hal_temp_hum.o(.text)
    .text                                    0x080024c4   Section        0  hal_infrared.o(.text)
    .text                                    0x0800254c   Section        0  sa_gpio.o(.text)
    .text                                    0x080025f8   Section        0  hal_motor.o(.text)
    .text                                    0x08002808   Section        0  hal_rgb_led.o(.text)
    .text                                    0x08002930   Section        0  hal_key.o(.text)
    .text                                    0x08002a30   Section        0  uart.o(.text)
    .text                                    0x08002b0c   Section        0  key.o(.text)
    .text                                    0x08002bbc   Section        0  infrared.o(.text)
    .text                                    0x08002bc0   Section        0  buz_protocol.o(.text)
    .text                                    0x08002db0   Section        0  gen_protocol.o(.text)
    .text                                    0x080031a8   Section        2  use_no_semi_2.o(.text)
    .text                                    0x080031aa   Section      138  rt_memcpy_v6.o(.text)
    .text                                    0x08003234   Section       68  rt_memclr.o(.text)
    .text                                    0x08003278   Section        0  heapauxi.o(.text)
    .text                                    0x0800327e   Section        2  use_no_semi.o(.text)
    .text                                    0x08003280   Section      100  rt_memcpy_w.o(.text)
    .text                                    0x080032e4   Section       78  rt_memclr_w.o(.text)
    .text                                    0x08003332   Section       74  sys_stackheap_outer.o(.text)
    .text                                    0x0800337c   Section        0  exit.o(.text)
    .text                                    0x08003388   Section        8  libspace.o(.text)
    .data                                    0x20000000   Section       20  stm32f10x_rcc.o(.data)
    APBAHBPrescTable                         0x20000000   Data          16  stm32f10x_rcc.o(.data)
    ADCPrescTable                            0x20000010   Data           4  stm32f10x_rcc.o(.data)
    .data                                    0x20000014   Section        4  stm32f10x_it.o(.data)
    key_state                                0x20000014   Data           1  stm32f10x_it.o(.data)
    key_prev                                 0x20000015   Data           1  stm32f10x_it.o(.data)
    key_delay                                0x20000016   Data           2  stm32f10x_it.o(.data)
    .data                                    0x20000018   Section       20  system_stm32f10x.o(.data)
    .data                                    0x2000002c   Section        4  delay.o(.data)
    fac_us                                   0x2000002c   Data           1  delay.o(.data)
    fac_ms                                   0x2000002e   Data           2  delay.o(.data)
    .data                                    0x20000030   Section        7  uart.o(.data)
    .data                                    0x20000038   Section        2  key.o(.data)
    .data                                    0x2000003a   Section        4  buz_protocol.o(.data)
    .bss                                     0x20000040   Section      256  uart.o(.bss)
    .bss                                     0x20000140   Section       55  buz_protocol.o(.bss)
    .bss                                     0x20000177   Section      131  gen_protocol.o(.bss)
    .bss                                     0x200001fc   Section       96  libspace.o(.bss)
    HEAP                                     0x20000260   Section      512  startup_stm32f10x_md.o(HEAP)
    Heap_Mem                                 0x20000260   Data         512  startup_stm32f10x_md.o(HEAP)
    STACK                                    0x20000460   Section     1024  startup_stm32f10x_md.o(STACK)
    Stack_Mem                                0x20000460   Data        1024  startup_stm32f10x_md.o(STACK)
    __initial_sp                             0x20000860   Data           0  startup_stm32f10x_md.o(STACK)

    Global Symbols

    Symbol Name                              Value     Ov Type        Size  Object(Section)

    BuildAttributes$$THM_ISAv4$P$D$K$B$S$PE$A:L22UL41UL21$X:L11$S22US41US21$IEEE1$IW$USESV6$~STKCKD$USESV7$~SHL$OSPACE$ROPI$EBA8$UX$STANDARDLIB$REQ8$PRES8$EABIv2 0x00000000   Number         0  anon$$obj.o ABSOLUTE
    __ARM_use_no_argv                        0x00000000   Number         0  main.o ABSOLUTE
    __ARM_exceptions_init                     - Undefined Weak Reference
    __alloca_initialize                       - Undefined Weak Reference
    __arm_preinit_                            - Undefined Weak Reference
    __cpp_initialize__aeabi_                  - Undefined Weak Reference
    __cxa_finalize                            - Undefined Weak Reference
    __rt_locale                               - Undefined Weak Reference
    __sigvec_lookup                           - Undefined Weak Reference
    _atexit_init                              - Undefined Weak Reference
    _call_atexit_fns                          - Undefined Weak Reference
    _clock_init                               - Undefined Weak Reference
    _fp_trap_init                             - Undefined Weak Reference
    _fp_trap_shutdown                         - Undefined Weak Reference
    _get_lc_collate                           - Undefined Weak Reference
    _get_lc_ctype                             - Undefined Weak Reference
    _get_lc_monetary                          - Undefined Weak Reference
    _get_lc_numeric                           - Undefined Weak Reference
    _get_lc_time                              - Undefined Weak Reference
    _getenv_init                              - Undefined Weak Reference
    _handle_redirection                       - Undefined Weak Reference
    _init_alloc                               - Undefined Weak Reference
    _init_user_alloc                          - Undefined Weak Reference
    _initio                                   - Undefined Weak Reference
    _rand_init                                - Undefined Weak Reference
    _signal_finish                            - Undefined Weak Reference
    _signal_init                              - Undefined Weak Reference
    _terminate_alloc                          - Undefined Weak Reference
    _terminate_user_alloc                     - Undefined Weak Reference
    _terminateio                              - Undefined Weak Reference
    __Vectors_Size                           0x000000ec   Number         0  startup_stm32f10x_md.o ABSOLUTE
    __Vectors                                0x08000000   Data           4  startup_stm32f10x_md.o(RESET)
    __Vectors_End                            0x080000ec   Data           0  startup_stm32f10x_md.o(RESET)
    __main                                   0x080000ed   Thumb Code     8  __main.o(!!!main)
    __scatterload                            0x080000f5   Thumb Code     0  __scatter.o(!!!scatter)
    __scatterload_rt2                        0x080000f5   Thumb Code    44  __scatter.o(!!!scatter)
    __scatterload_rt2_thumb_only             0x080000f5   Thumb Code     0  __scatter.o(!!!scatter)
    __scatterload_null                       0x08000103   Thumb Code     0  __scatter.o(!!!scatter)
    __scatterload_copy                       0x08000129   Thumb Code    26  __scatter_copy.o(!!handler_copy)
    __scatterload_zeroinit                   0x08000145   Thumb Code    28  __scatter_zi.o(!!handler_zi)
    __rt_lib_init                            0x08000161   Thumb Code     0  libinit.o(.ARM.Collect$$libinit$$00000000)
    __rt_lib_init_alloca_1                   0x08000163   Thumb Code     0  libinit2.o(.ARM.Collect$$libinit$$0000002E)
    __rt_lib_init_argv_1                     0x08000163   Thumb Code     0  libinit2.o(.ARM.Collect$$libinit$$0000002C)
    __rt_lib_init_atexit_1                   0x08000163   Thumb Code     0  libinit2.o(.ARM.Collect$$libinit$$0000001B)
    __rt_lib_init_clock_1                    0x08000163   Thumb Code     0  libinit2.o(.ARM.Collect$$libinit$$00000021)
    __rt_lib_init_cpp_1                      0x08000163   Thumb Code     0  libinit2.o(.ARM.Collect$$libinit$$00000032)
    __rt_lib_init_exceptions_1               0x08000163   Thumb Code     0  libinit2.o(.ARM.Collect$$libinit$$00000030)
    __rt_lib_init_fp_1                       0x08000163   Thumb Code     0  libinit2.o(.ARM.Collect$$libinit$$00000002)
    __rt_lib_init_fp_trap_1                  0x08000163   Thumb Code     0  libinit2.o(.ARM.Collect$$libinit$$0000001F)
    __rt_lib_init_getenv_1                   0x08000163   Thumb Code     0  libinit2.o(.ARM.Collect$$libinit$$00000023)
    __rt_lib_init_heap_1                     0x08000163   Thumb Code     0  libinit2.o(.ARM.Collect$$libinit$$0000000A)
    __rt_lib_init_lc_collate_1               0x08000163   Thumb Code     0  libinit2.o(.ARM.Collect$$libinit$$00000011)
    __rt_lib_init_lc_ctype_1                 0x08000163   Thumb Code     0  libinit2.o(.ARM.Collect$$libinit$$00000013)
    __rt_lib_init_lc_monetary_1              0x08000163   Thumb Code     0  libinit2.o(.ARM.Collect$$libinit$$00000015)
    __rt_lib_init_lc_numeric_1               0x08000163   Thumb Code     0  libinit2.o(.ARM.Collect$$libinit$$00000017)
    __rt_lib_init_lc_time_1                  0x08000163   Thumb Code     0  libinit2.o(.ARM.Collect$$libinit$$00000019)
    __rt_lib_init_preinit_1                  0x08000163   Thumb Code     0  libinit2.o(.ARM.Collect$$libinit$$00000004)
    __rt_lib_init_rand_1                     0x08000163   Thumb Code     0  libinit2.o(.ARM.Collect$$libinit$$0000000E)
    __rt_lib_init_return                     0x08000163   Thumb Code     0  libinit2.o(.ARM.Collect$$libinit$$00000033)
    __rt_lib_init_signal_1                   0x08000163   Thumb Code     0  libinit2.o(.ARM.Collect$$libinit$$0000001D)
    __rt_lib_init_stdio_1                    0x08000163   Thumb Code     0  libinit2.o(.ARM.Collect$$libinit$$00000025)
    __rt_lib_init_user_alloc_1               0x08000163   Thumb Code     0  libinit2.o(.ARM.Collect$$libinit$$0000000C)
    __rt_lib_shutdown                        0x08000165   Thumb Code     0  libshutdown.o(.ARM.Collect$$libshutdown$$00000000)
    __rt_lib_shutdown_fp_trap_1              0x08000167   Thumb Code     0  libshutdown2.o(.ARM.Collect$$libshutdown$$00000006)
    __rt_lib_shutdown_heap_1                 0x08000167   Thumb Code     0  libshutdown2.o(.ARM.Collect$$libshutdown$$0000000E)
    __rt_lib_shutdown_return                 0x08000167   Thumb Code     0  libshutdown2.o(.ARM.Collect$$libshutdown$$0000000F)
    __rt_lib_shutdown_signal_1               0x08000167   Thumb Code     0  libshutdown2.o(.ARM.Collect$$libshutdown$$00000009)
    __rt_lib_shutdown_stdio_1                0x08000167   Thumb Code     0  libshutdown2.o(.ARM.Collect$$libshutdown$$00000003)
    __rt_lib_shutdown_user_alloc_1           0x08000167   Thumb Code     0  libshutdown2.o(.ARM.Collect$$libshutdown$$0000000B)
    __rt_entry                               0x08000169   Thumb Code     0  __rtentry.o(.ARM.Collect$$rtentry$$00000000)
    __rt_entry_presh_1                       0x08000169   Thumb Code     0  __rtentry2.o(.ARM.Collect$$rtentry$$00000002)
    __rt_entry_sh                            0x08000169   Thumb Code     0  __rtentry4.o(.ARM.Collect$$rtentry$$00000004)
    __rt_entry_li                            0x0800016f   Thumb Code     0  __rtentry2.o(.ARM.Collect$$rtentry$$0000000A)
    __rt_entry_postsh_1                      0x0800016f   Thumb Code     0  __rtentry2.o(.ARM.Collect$$rtentry$$00000009)
    __rt_entry_main                          0x08000173   Thumb Code     0  __rtentry2.o(.ARM.Collect$$rtentry$$0000000D)
    __rt_entry_postli_1                      0x08000173   Thumb Code     0  __rtentry2.o(.ARM.Collect$$rtentry$$0000000C)
    __rt_exit                                0x0800017b   Thumb Code     0  rtexit.o(.ARM.Collect$$rtexit$$00000000)
    __rt_exit_ls                             0x0800017d   Thumb Code     0  rtexit2.o(.ARM.Collect$$rtexit$$00000003)
    __rt_exit_prels_1                        0x0800017d   Thumb Code     0  rtexit2.o(.ARM.Collect$$rtexit$$00000002)
    __rt_exit_exit                           0x08000181   Thumb Code     0  rtexit2.o(.ARM.Collect$$rtexit$$00000004)
    Reset_Handler                            0x08000189   Thumb Code     8  startup_stm32f10x_md.o(.text)
    ADC1_2_IRQHandler                        0x080001a3   Thumb Code     0  startup_stm32f10x_md.o(.text)
    CAN1_RX1_IRQHandler                      0x080001a3   Thumb Code     0  startup_stm32f10x_md.o(.text)
    CAN1_SCE_IRQHandler                      0x080001a3   Thumb Code     0  startup_stm32f10x_md.o(.text)
    DMA1_Channel1_IRQHandler                 0x080001a3   Thumb Code     0  startup_stm32f10x_md.o(.text)
    DMA1_Channel2_IRQHandler                 0x080001a3   Thumb Code     0  startup_stm32f10x_md.o(.text)
    DMA1_Channel3_IRQHandler                 0x080001a3   Thumb Code     0  startup_stm32f10x_md.o(.text)
    DMA1_Channel4_IRQHandler                 0x080001a3   Thumb Code     0  startup_stm32f10x_md.o(.text)
    DMA1_Channel5_IRQHandler                 0x080001a3   Thumb Code     0  startup_stm32f10x_md.o(.text)
    DMA1_Channel6_IRQHandler                 0x080001a3   Thumb Code     0  startup_stm32f10x_md.o(.text)
    DMA1_Channel7_IRQHandler                 0x080001a3   Thumb Code     0  startup_stm32f10x_md.o(.text)
    EXTI0_IRQHandler                         0x080001a3   Thumb Code     0  startup_stm32f10x_md.o(.text)
    EXTI1_IRQHandler                         0x080001a3   Thumb Code     0  startup_stm32f10x_md.o(.text)
    EXTI2_IRQHandler                         0x080001a3   Thumb Code     0  startup_stm32f10x_md.o(.text)
    EXTI3_IRQHandler                         0x080001a3   Thumb Code     0  startup_stm32f10x_md.o(.text)
    EXTI4_IRQHandler                         0x080001a3   Thumb Code     0  startup_stm32f10x_md.o(.text)
    EXTI9_5_IRQHandler                       0x080001a3   Thumb Code     0  startup_stm32f10x_md.o(.text)
    FLASH_IRQHandler                         0x080001a3   Thumb Code     0  startup_stm32f10x_md.o(.text)
    I2C1_ER_IRQHandler                       0x080001a3   Thumb Code     0  startup_stm32f10x_md.o(.text)
    I2C1_EV_IRQHandler                       0x080001a3   Thumb Code     0  startup_stm32f10x_md.o(.text)
    I2C2_ER_IRQHandler                       0x080001a3   Thumb Code     0  startup_stm32f10x_md.o(.text)
    I2C2_EV_IRQHandler                       0x080001a3   Thumb Code     0  startup_stm32f10x_md.o(.text)
    PVD_IRQHandler                           0x080001a3   Thumb Code     0  startup_stm32f10x_md.o(.text)
    RCC_IRQHandler                           0x080001a3   Thumb Code     0  startup_stm32f10x_md.o(.text)
    RTCAlarm_IRQHandler                      0x080001a3   Thumb Code     0  startup_stm32f10x_md.o(.text)
    RTC_IRQHandler                           0x080001a3   Thumb Code     0  startup_stm32f10x_md.o(.text)
    SPI1_IRQHandler                          0x080001a3   Thumb Code     0  startup_stm32f10x_md.o(.text)
    SPI2_IRQHandler                          0x080001a3   Thumb Code     0  startup_stm32f10x_md.o(.text)
    TAMPER_IRQHandler                        0x080001a3   Thumb Code     0  startup_stm32f10x_md.o(.text)
    TIM1_BRK_IRQHandler                      0x080001a3   Thumb Code     0  startup_stm32f10x_md.o(.text)
    TIM1_CC_IRQHandler                       0x080001a3   Thumb Code     0  startup_stm32f10x_md.o(.text)
    TIM1_TRG_COM_IRQHandler                  0x080001a3   Thumb Code     0  startup_stm32f10x_md.o(.text)
    TIM1_UP_IRQHandler                       0x080001a3   Thumb Code     0  startup_stm32f10x_md.o(.text)
    TIM2_IRQHandler                          0x080001a3   Thumb Code     0  startup_stm32f10x_md.o(.text)
    USART2_IRQHandler                        0x080001a3   Thumb Code     0  startup_stm32f10x_md.o(.text)
    USART3_IRQHandler                        0x080001a3   Thumb Code     0  startup_stm32f10x_md.o(.text)
    USBWakeUp_IRQHandler                     0x080001a3   Thumb Code     0  startup_stm32f10x_md.o(.text)
    USB_HP_CAN1_TX_IRQHandler                0x080001a3   Thumb Code     0  startup_stm32f10x_md.o(.text)
    USB_LP_CAN1_RX0_IRQHandler               0x080001a3   Thumb Code     0  startup_stm32f10x_md.o(.text)
    WWDG_IRQHandler                          0x080001a3   Thumb Code     0  startup_stm32f10x_md.o(.text)
    __user_initial_stackheap                 0x080001a5   Thumb Code     0  startup_stm32f10x_md.o(.text)
    GPIO_DeInit                              0x080001c9   Thumb Code   172  stm32f10x_gpio.o(.text)
    GPIO_AFIODeInit                          0x08000275   Thumb Code    20  stm32f10x_gpio.o(.text)
    GPIO_Init                                0x08000289   Thumb Code   278  stm32f10x_gpio.o(.text)
    GPIO_StructInit                          0x0800039f   Thumb Code    16  stm32f10x_gpio.o(.text)
    GPIO_ReadInputDataBit                    0x080003af   Thumb Code    18  stm32f10x_gpio.o(.text)
    GPIO_ReadInputData                       0x080003c1   Thumb Code     8  stm32f10x_gpio.o(.text)
    GPIO_ReadOutputDataBit                   0x080003c9   Thumb Code    18  stm32f10x_gpio.o(.text)
    GPIO_ReadOutputData                      0x080003db   Thumb Code     8  stm32f10x_gpio.o(.text)
    GPIO_SetBits                             0x080003e3   Thumb Code     4  stm32f10x_gpio.o(.text)
    GPIO_ResetBits                           0x080003e7   Thumb Code     4  stm32f10x_gpio.o(.text)
    GPIO_WriteBit                            0x080003eb   Thumb Code    10  stm32f10x_gpio.o(.text)
    GPIO_Write                               0x080003f5   Thumb Code     4  stm32f10x_gpio.o(.text)
    GPIO_PinLockConfig                       0x080003f9   Thumb Code    18  stm32f10x_gpio.o(.text)
    GPIO_EventOutputConfig                   0x0800040b   Thumb Code    26  stm32f10x_gpio.o(.text)
    GPIO_EventOutputCmd                      0x08000425   Thumb Code     6  stm32f10x_gpio.o(.text)
    GPIO_PinRemapConfig                      0x0800042b   Thumb Code   138  stm32f10x_gpio.o(.text)
    GPIO_EXTILineConfig                      0x080004b5   Thumb Code    66  stm32f10x_gpio.o(.text)
    GPIO_ETH_MediaInterfaceConfig            0x080004f7   Thumb Code     8  stm32f10x_gpio.o(.text)
    RCC_DeInit                               0x08000525   Thumb Code    64  stm32f10x_rcc.o(.text)
    RCC_HSEConfig                            0x08000565   Thumb Code    70  stm32f10x_rcc.o(.text)
    RCC_GetFlagStatus                        0x080005ab   Thumb Code    56  stm32f10x_rcc.o(.text)
    RCC_WaitForHSEStartUp                    0x080005e3   Thumb Code    56  stm32f10x_rcc.o(.text)
    RCC_AdjustHSICalibrationValue            0x0800061b   Thumb Code    20  stm32f10x_rcc.o(.text)
    RCC_HSICmd                               0x0800062f   Thumb Code     6  stm32f10x_rcc.o(.text)
    RCC_PLLConfig                            0x08000635   Thumb Code    24  stm32f10x_rcc.o(.text)
    RCC_PLLCmd                               0x0800064d   Thumb Code     6  stm32f10x_rcc.o(.text)
    RCC_SYSCLKConfig                         0x08000653   Thumb Code    18  stm32f10x_rcc.o(.text)
    RCC_GetSYSCLKSource                      0x08000665   Thumb Code    10  stm32f10x_rcc.o(.text)
    RCC_HCLKConfig                           0x0800066f   Thumb Code    18  stm32f10x_rcc.o(.text)
    RCC_PCLK1Config                          0x08000681   Thumb Code    18  stm32f10x_rcc.o(.text)
    RCC_PCLK2Config                          0x08000693   Thumb Code    20  stm32f10x_rcc.o(.text)
    RCC_ITConfig                             0x080006a7   Thumb Code    26  stm32f10x_rcc.o(.text)
    RCC_USBCLKConfig                         0x080006c1   Thumb Code     8  stm32f10x_rcc.o(.text)
    RCC_ADCCLKConfig                         0x080006c9   Thumb Code    18  stm32f10x_rcc.o(.text)
    RCC_LSEConfig                            0x080006db   Thumb Code    50  stm32f10x_rcc.o(.text)
    RCC_LSICmd                               0x0800070d   Thumb Code     6  stm32f10x_rcc.o(.text)
    RCC_RTCCLKConfig                         0x08000713   Thumb Code    12  stm32f10x_rcc.o(.text)
    RCC_RTCCLKCmd                            0x0800071f   Thumb Code     8  stm32f10x_rcc.o(.text)
    RCC_GetClocksFreq                        0x08000727   Thumb Code   192  stm32f10x_rcc.o(.text)
    RCC_AHBPeriphClockCmd                    0x080007e7   Thumb Code    26  stm32f10x_rcc.o(.text)
    RCC_APB2PeriphClockCmd                   0x08000801   Thumb Code    26  stm32f10x_rcc.o(.text)
    RCC_APB1PeriphClockCmd                   0x0800081b   Thumb Code    26  stm32f10x_rcc.o(.text)
    RCC_APB2PeriphResetCmd                   0x08000835   Thumb Code    26  stm32f10x_rcc.o(.text)
    RCC_APB1PeriphResetCmd                   0x0800084f   Thumb Code    26  stm32f10x_rcc.o(.text)
    RCC_BackupResetCmd                       0x08000869   Thumb Code     8  stm32f10x_rcc.o(.text)
    RCC_ClockSecuritySystemCmd               0x08000871   Thumb Code     6  stm32f10x_rcc.o(.text)
    RCC_MCOConfig                            0x08000877   Thumb Code     6  stm32f10x_rcc.o(.text)
    RCC_ClearFlag                            0x0800087d   Thumb Code    14  stm32f10x_rcc.o(.text)
    RCC_GetITStatus                          0x0800088b   Thumb Code    20  stm32f10x_rcc.o(.text)
    RCC_ClearITPendingBit                    0x0800089f   Thumb Code     6  stm32f10x_rcc.o(.text)
    USART_DeInit                             0x080008c9   Thumb Code   134  stm32f10x_usart.o(.text)
    USART_Init                               0x0800094f   Thumb Code   210  stm32f10x_usart.o(.text)
    USART_StructInit                         0x08000a21   Thumb Code    24  stm32f10x_usart.o(.text)
    USART_ClockInit                          0x08000a39   Thumb Code    34  stm32f10x_usart.o(.text)
    USART_ClockStructInit                    0x08000a5b   Thumb Code    12  stm32f10x_usart.o(.text)
    USART_Cmd                                0x08000a67   Thumb Code    24  stm32f10x_usart.o(.text)
    USART_ITConfig                           0x08000a7f   Thumb Code    74  stm32f10x_usart.o(.text)
    USART_DMACmd                             0x08000ac9   Thumb Code    18  stm32f10x_usart.o(.text)
    USART_SetAddress                         0x08000adb   Thumb Code    18  stm32f10x_usart.o(.text)
    USART_WakeUpConfig                       0x08000aed   Thumb Code    18  stm32f10x_usart.o(.text)
    USART_ReceiverWakeUpCmd                  0x08000aff   Thumb Code    24  stm32f10x_usart.o(.text)
    USART_LINBreakDetectLengthConfig         0x08000b17   Thumb Code    18  stm32f10x_usart.o(.text)
    USART_LINCmd                             0x08000b29   Thumb Code    24  stm32f10x_usart.o(.text)
    USART_SendData                           0x08000b41   Thumb Code     8  stm32f10x_usart.o(.text)
    USART_ReceiveData                        0x08000b49   Thumb Code    10  stm32f10x_usart.o(.text)
    USART_SendBreak                          0x08000b53   Thumb Code    10  stm32f10x_usart.o(.text)
    USART_SetGuardTime                       0x08000b5d   Thumb Code    16  stm32f10x_usart.o(.text)
    USART_SetPrescaler                       0x08000b6d   Thumb Code    16  stm32f10x_usart.o(.text)
    USART_SmartCardCmd                       0x08000b7d   Thumb Code    24  stm32f10x_usart.o(.text)
    USART_SmartCardNACKCmd                   0x08000b95   Thumb Code    24  stm32f10x_usart.o(.text)
    USART_HalfDuplexCmd                      0x08000bad   Thumb Code    24  stm32f10x_usart.o(.text)
    USART_OverSampling8Cmd                   0x08000bc5   Thumb Code    22  stm32f10x_usart.o(.text)
    USART_OneBitMethodCmd                    0x08000bdb   Thumb Code    24  stm32f10x_usart.o(.text)
    USART_IrDAConfig                         0x08000bf3   Thumb Code    18  stm32f10x_usart.o(.text)
    USART_IrDACmd                            0x08000c05   Thumb Code    24  stm32f10x_usart.o(.text)
    USART_GetFlagStatus                      0x08000c1d   Thumb Code    26  stm32f10x_usart.o(.text)
    USART_ClearFlag                          0x08000c37   Thumb Code    18  stm32f10x_usart.o(.text)
    USART_GetITStatus                        0x08000c49   Thumb Code    84  stm32f10x_usart.o(.text)
    USART_ClearITPendingBit                  0x08000c9d   Thumb Code    52  stm32f10x_usart.o(.text)
    NVIC_PriorityGroupConfig                 0x08000cd1   Thumb Code    10  misc.o(.text)
    NVIC_Init                                0x08000cdb   Thumb Code   100  misc.o(.text)
    NVIC_SetVectorTable                      0x08000d3f   Thumb Code    14  misc.o(.text)
    NVIC_SystemLPConfig                      0x08000d4d   Thumb Code    34  misc.o(.text)
    SysTick_CLKSourceConfig                  0x08000d6f   Thumb Code    40  misc.o(.text)
    TIM_DeInit                               0x08000dad   Thumb Code   424  stm32f10x_tim.o(.text)
    TIM_TimeBaseInit                         0x08000f55   Thumb Code   122  stm32f10x_tim.o(.text)
    TIM_OC1Init                              0x08000fcf   Thumb Code   132  stm32f10x_tim.o(.text)
    TIM_OC2Init                              0x08001053   Thumb Code   154  stm32f10x_tim.o(.text)
    TIM_OC3Init                              0x080010ed   Thumb Code   150  stm32f10x_tim.o(.text)
    TIM_OC4Init                              0x08001183   Thumb Code   182  stm32f10x_tim.o(.text)
    TIM_SetIC4Prescaler                      0x08001239   Thumb Code    26  stm32f10x_tim.o(.text)
    TIM_SetIC3Prescaler                      0x080012d5   Thumb Code    18  stm32f10x_tim.o(.text)
    TIM_SetIC2Prescaler                      0x08001361   Thumb Code    26  stm32f10x_tim.o(.text)
    TIM_SetIC1Prescaler                      0x080013fd   Thumb Code    18  stm32f10x_tim.o(.text)
    TIM_ICInit                               0x0800147b   Thumb Code   150  stm32f10x_tim.o(.text)
    TIM_PWMIConfig                           0x08001511   Thumb Code   124  stm32f10x_tim.o(.text)
    TIM_BDTRConfig                           0x0800158d   Thumb Code    32  stm32f10x_tim.o(.text)
    TIM_TimeBaseStructInit                   0x080015ad   Thumb Code    18  stm32f10x_tim.o(.text)
    TIM_OCStructInit                         0x080015bf   Thumb Code    20  stm32f10x_tim.o(.text)
    TIM_ICStructInit                         0x080015d3   Thumb Code    18  stm32f10x_tim.o(.text)
    TIM_BDTRStructInit                       0x080015e5   Thumb Code    40  stm32f10x_tim.o(.text)
    TIM_Cmd                                  0x0800160d   Thumb Code    24  stm32f10x_tim.o(.text)
    TIM_CtrlPWMOutputs                       0x08001625   Thumb Code    30  stm32f10x_tim.o(.text)
    TIM_ITConfig                             0x08001643   Thumb Code    18  stm32f10x_tim.o(.text)
    TIM_GenerateEvent                        0x08001655   Thumb Code     4  stm32f10x_tim.o(.text)
    TIM_DMAConfig                            0x08001659   Thumb Code    10  stm32f10x_tim.o(.text)
    TIM_DMACmd                               0x08001663   Thumb Code    18  stm32f10x_tim.o(.text)
    TIM_InternalClockConfig                  0x08001675   Thumb Code    12  stm32f10x_tim.o(.text)
    TIM_SelectInputTrigger                   0x08001681   Thumb Code    18  stm32f10x_tim.o(.text)
    TIM_ITRxExternalClockConfig              0x08001693   Thumb Code    24  stm32f10x_tim.o(.text)
    TIM_TIxExternalClockConfig               0x080016ab   Thumb Code    62  stm32f10x_tim.o(.text)
    TIM_ETRConfig                            0x080016e9   Thumb Code    28  stm32f10x_tim.o(.text)
    TIM_ETRClockMode1Config                  0x08001705   Thumb Code    54  stm32f10x_tim.o(.text)
    TIM_ETRClockMode2Config                  0x0800173b   Thumb Code    32  stm32f10x_tim.o(.text)
    TIM_PrescalerConfig                      0x0800175b   Thumb Code     6  stm32f10x_tim.o(.text)
    TIM_CounterModeConfig                    0x08001761   Thumb Code    18  stm32f10x_tim.o(.text)
    TIM_EncoderInterfaceConfig               0x08001773   Thumb Code    66  stm32f10x_tim.o(.text)
    TIM_ForcedOC1Config                      0x080017b5   Thumb Code    18  stm32f10x_tim.o(.text)
    TIM_ForcedOC2Config                      0x080017c7   Thumb Code    26  stm32f10x_tim.o(.text)
    TIM_ForcedOC3Config                      0x080017e1   Thumb Code    18  stm32f10x_tim.o(.text)
    TIM_ForcedOC4Config                      0x080017f3   Thumb Code    26  stm32f10x_tim.o(.text)
    TIM_ARRPreloadConfig                     0x0800180d   Thumb Code    24  stm32f10x_tim.o(.text)
    TIM_SelectCOM                            0x08001825   Thumb Code    24  stm32f10x_tim.o(.text)
    TIM_SelectCCDMA                          0x0800183d   Thumb Code    24  stm32f10x_tim.o(.text)
    TIM_CCPreloadControl                     0x08001855   Thumb Code    24  stm32f10x_tim.o(.text)
    TIM_OC1PreloadConfig                     0x0800186d   Thumb Code    18  stm32f10x_tim.o(.text)
    TIM_OC2PreloadConfig                     0x0800187f   Thumb Code    26  stm32f10x_tim.o(.text)
    TIM_OC3PreloadConfig                     0x08001899   Thumb Code    18  stm32f10x_tim.o(.text)
    TIM_OC4PreloadConfig                     0x080018ab   Thumb Code    26  stm32f10x_tim.o(.text)
    TIM_OC1FastConfig                        0x080018c5   Thumb Code    18  stm32f10x_tim.o(.text)
    TIM_OC2FastConfig                        0x080018d7   Thumb Code    26  stm32f10x_tim.o(.text)
    TIM_OC3FastConfig                        0x080018f1   Thumb Code    18  stm32f10x_tim.o(.text)
    TIM_OC4FastConfig                        0x08001903   Thumb Code    26  stm32f10x_tim.o(.text)
    TIM_ClearOC1Ref                          0x0800191d   Thumb Code    18  stm32f10x_tim.o(.text)
    TIM_ClearOC2Ref                          0x0800192f   Thumb Code    24  stm32f10x_tim.o(.text)
    TIM_ClearOC3Ref                          0x08001947   Thumb Code    18  stm32f10x_tim.o(.text)
    TIM_ClearOC4Ref                          0x08001959   Thumb Code    24  stm32f10x_tim.o(.text)
    TIM_OC1PolarityConfig                    0x08001971   Thumb Code    18  stm32f10x_tim.o(.text)
    TIM_OC1NPolarityConfig                   0x08001983   Thumb Code    18  stm32f10x_tim.o(.text)
    TIM_OC2PolarityConfig                    0x08001995   Thumb Code    26  stm32f10x_tim.o(.text)
    TIM_OC2NPolarityConfig                   0x080019af   Thumb Code    26  stm32f10x_tim.o(.text)
    TIM_OC3PolarityConfig                    0x080019c9   Thumb Code    26  stm32f10x_tim.o(.text)
    TIM_OC3NPolarityConfig                   0x080019e3   Thumb Code    26  stm32f10x_tim.o(.text)
    TIM_OC4PolarityConfig                    0x080019fd   Thumb Code    26  stm32f10x_tim.o(.text)
    TIM_CCxCmd                               0x08001a17   Thumb Code    30  stm32f10x_tim.o(.text)
    TIM_CCxNCmd                              0x08001a35   Thumb Code    30  stm32f10x_tim.o(.text)
    TIM_SelectOCxM                           0x08001a53   Thumb Code    82  stm32f10x_tim.o(.text)
    TIM_UpdateDisableConfig                  0x08001aa5   Thumb Code    24  stm32f10x_tim.o(.text)
    TIM_UpdateRequestConfig                  0x08001abd   Thumb Code    24  stm32f10x_tim.o(.text)
    TIM_SelectHallSensor                     0x08001ad5   Thumb Code    24  stm32f10x_tim.o(.text)
    TIM_SelectOnePulseMode                   0x08001aed   Thumb Code    18  stm32f10x_tim.o(.text)
    TIM_SelectOutputTrigger                  0x08001aff   Thumb Code    18  stm32f10x_tim.o(.text)
    TIM_SelectSlaveMode                      0x08001b11   Thumb Code    18  stm32f10x_tim.o(.text)
    TIM_SelectMasterSlaveMode                0x08001b23   Thumb Code    18  stm32f10x_tim.o(.text)
    TIM_SetCounter                           0x08001b35   Thumb Code     4  stm32f10x_tim.o(.text)
    TIM_SetAutoreload                        0x08001b39   Thumb Code     4  stm32f10x_tim.o(.text)
    TIM_SetCompare1                          0x08001b3d   Thumb Code     4  stm32f10x_tim.o(.text)
    TIM_SetCompare2                          0x08001b41   Thumb Code     4  stm32f10x_tim.o(.text)
    TIM_SetCompare3                          0x08001b45   Thumb Code     4  stm32f10x_tim.o(.text)
    TIM_SetCompare4                          0x08001b49   Thumb Code     6  stm32f10x_tim.o(.text)
    TIM_SetClockDivision                     0x08001b4f   Thumb Code    18  stm32f10x_tim.o(.text)
    TIM_GetCapture1                          0x08001b61   Thumb Code     6  stm32f10x_tim.o(.text)
    TIM_GetCapture2                          0x08001b67   Thumb Code     6  stm32f10x_tim.o(.text)
    TIM_GetCapture3                          0x08001b6d   Thumb Code     6  stm32f10x_tim.o(.text)
    TIM_GetCapture4                          0x08001b73   Thumb Code     8  stm32f10x_tim.o(.text)
    TIM_GetCounter                           0x08001b7b   Thumb Code     6  stm32f10x_tim.o(.text)
    TIM_GetPrescaler                         0x08001b81   Thumb Code     6  stm32f10x_tim.o(.text)
    TIM_GetFlagStatus                        0x08001b87   Thumb Code    18  stm32f10x_tim.o(.text)
    TIM_ClearFlag                            0x08001b99   Thumb Code     6  stm32f10x_tim.o(.text)
    TIM_GetITStatus                          0x08001b9f   Thumb Code    34  stm32f10x_tim.o(.text)
    TIM_ClearITPendingBit                    0x08001bc1   Thumb Code     6  stm32f10x_tim.o(.text)
    EXTI_DeInit                              0x08001bc9   Thumb Code    28  stm32f10x_exti.o(.text)
    EXTI_Init                                0x08001be5   Thumb Code   142  stm32f10x_exti.o(.text)
    EXTI_StructInit                          0x08001c73   Thumb Code    16  stm32f10x_exti.o(.text)
    EXTI_GenerateSWInterrupt                 0x08001c83   Thumb Code    16  stm32f10x_exti.o(.text)
    EXTI_GetFlagStatus                       0x08001c93   Thumb Code    22  stm32f10x_exti.o(.text)
    EXTI_ClearFlag                           0x08001ca9   Thumb Code     8  stm32f10x_exti.o(.text)
    EXTI_GetITStatus                         0x08001cb1   Thumb Code    34  stm32f10x_exti.o(.text)
    EXTI_ClearITPendingBit                   0x08001cd3   Thumb Code     8  stm32f10x_exti.o(.text)
    main                                     0x08001ce5   Thumb Code    70  main.o(.text)
    NMI_Handler                              0x08001d2d   Thumb Code     2  stm32f10x_it.o(.text)
    HardFault_Handler                        0x08001d2f   Thumb Code     4  stm32f10x_it.o(.text)
    MemManage_Handler                        0x08001d33   Thumb Code     4  stm32f10x_it.o(.text)
    BusFault_Handler                         0x08001d37   Thumb Code     4  stm32f10x_it.o(.text)
    UsageFault_Handler                       0x08001d3b   Thumb Code     4  stm32f10x_it.o(.text)
    SVC_Handler                              0x08001d3f   Thumb Code     2  stm32f10x_it.o(.text)
    DebugMon_Handler                         0x08001d41   Thumb Code     2  stm32f10x_it.o(.text)
    PendSV_Handler                           0x08001d43   Thumb Code     2  stm32f10x_it.o(.text)
    SysTick_Handler                          0x08001d45   Thumb Code     2  stm32f10x_it.o(.text)
    USART1_IRQHandler                        0x08001d47   Thumb Code   200  stm32f10x_it.o(.text)
    TIM3_IRQHandler                          0x08001e0f   Thumb Code   200  stm32f10x_it.o(.text)
    EXTI15_10_IRQHandler                     0x08001ed7   Thumb Code    76  stm32f10x_it.o(.text)
    SystemInit                               0x0800203f   Thumb Code    78  system_stm32f10x.o(.text)
    SystemCoreClockUpdate                    0x0800208d   Thumb Code   142  system_stm32f10x.o(.text)
    delay_init                               0x08002141   Thumb Code    50  delay.o(.text)
    delay_us                                 0x08002173   Thumb Code    72  delay.o(.text)
    delay_ms                                 0x080021bb   Thumb Code    72  delay.o(.text)
    RCC_Configuration                        0x08002215   Thumb Code    20  hal_uart.o(.text)
    UART_GPIO_Configuration                  0x08002229   Thumb Code    52  hal_uart.o(.text)
    NVIC_Configuration                       0x0800225d   Thumb Code    50  hal_uart.o(.text)
    UART_Configuration                       0x0800228f   Thumb Code    74  hal_uart.o(.text)
    UART1_Send_DATA                          0x080022d9   Thumb Code    28  hal_uart.o(.text)
    _sys_exit                                0x080022f5   Thumb Code     6  hal_uart.o(.text)
    fputc                                    0x080022fb   Thumb Code    32  hal_uart.o(.text)
    DHT11_Rst                                0x08002325   Thumb Code    56  hal_temp_hum.o(.text)
    DHT11_Check                              0x0800235d   Thumb Code   100  hal_temp_hum.o(.text)
    DHT11_Read_Bit                           0x080023c1   Thumb Code    76  hal_temp_hum.o(.text)
    DHT11_Read_Byte                          0x0800240d   Thumb Code    30  hal_temp_hum.o(.text)
    DHT11_Read_Data                          0x0800242b   Thumb Code    88  hal_temp_hum.o(.text)
    DHT11_Init                               0x08002483   Thumb Code    54  hal_temp_hum.o(.text)
    IR_GPIO_Init                             0x080024c5   Thumb Code    40  hal_infrared.o(.text)
    IR_EXTI_Init                             0x080024ed   Thumb Code    80  hal_infrared.o(.text)
    IR_Init                                  0x0800253d   Thumb Code    12  hal_infrared.o(.text)
    SA_GPIO_Init                             0x0800254d   Thumb Code   142  sa_gpio.o(.text)
    SA_TIMER_Init                            0x080025f9   Thumb Code    62  hal_motor.o(.text)
    SA_TIMER_PWM_Init                        0x08002637   Thumb Code   112  hal_motor.o(.text)
    SA_TIMER_PWMOUT_Init                     0x080026a7   Thumb Code   182  hal_motor.o(.text)
    Motor_Init                               0x0800275d   Thumb Code    68  hal_motor.o(.text)
    Motor_Control                            0x080027a1   Thumb Code    46  hal_motor.o(.text)
    TIM4_IRQHandler                          0x080027cf   Thumb Code    22  hal_motor.o(.text)
    LED_delay                                0x08002809   Thumb Code    24  hal_rgb_led.o(.text)
    ClkProduce                               0x08002821   Thumb Code    32  hal_rgb_led.o(.text)
    Send32Zero                               0x08002841   Thumb Code    28  hal_rgb_led.o(.text)
    TakeAntiCode                             0x0800285d   Thumb Code    12  hal_rgb_led.o(.text)
    DatSend                                  0x08002869   Thumb Code    48  hal_rgb_led.o(.text)
    DataDealWithAndSend                      0x08002899   Thumb Code    66  hal_rgb_led.o(.text)
    LED_RGB_Control                          0x080028db   Thumb Code    34  hal_rgb_led.o(.text)
    RGB_LED_Init                             0x080028fd   Thumb Code    48  hal_rgb_led.o(.text)
    KEY_GPIO_Init                            0x08002931   Thumb Code    88  hal_key.o(.text)
    TIM3_Int_Init                            0x08002989   Thumb Code    90  hal_key.o(.text)
    Get_Key                                  0x080029e3   Thumb Code    70  hal_key.o(.text)
    UartInit                                 0x08002a31   Thumb Code    20  uart.o(.text)
    HandleMsg                                0x08002a45   Thumb Code   184  uart.o(.text)
    HandleKey                                0x08002b0d   Thumb Code   166  key.o(.text)
    HandleIREvent                            0x08002bbd   Thumb Code     2  infrared.o(.text)
    BuzProtocolInit                          0x08002bc1   Thumb Code    64  buz_protocol.o(.text)
    ReportStatus                             0x08002c01   Thumb Code   120  buz_protocol.o(.text)
    HandleModuleStatus                       0x08002c79   Thumb Code    20  buz_protocol.o(.text)
    HandleControl                            0x08002c8d   Thumb Code    96  buz_protocol.o(.text)
    HandleQueryStatus                        0x08002ced   Thumb Code    28  buz_protocol.o(.text)
    HandleBuzCmd                             0x08002d09   Thumb Code    48  buz_protocol.o(.text)
    CheckStatus                              0x08002d39   Thumb Code    86  buz_protocol.o(.text)
    ExchangeBytes                            0x08002db1   Thumb Code    22  gen_protocol.o(.text)
    GenProtocolInit                          0x08002dc7   Thumb Code   290  gen_protocol.o(.text)
    CheckSum                                 0x08002ee9   Thumb Code    40  gen_protocol.o(.text)
    SendToUart                               0x08002f11   Thumb Code   274  gen_protocol.o(.text)
    SendErrorAck                             0x08003023   Thumb Code    34  gen_protocol.o(.text)
    SendGetMcuInfoAck                        0x08003045   Thumb Code    32  gen_protocol.o(.text)
    SendHeartbeatAck                         0x08003065   Thumb Code    30  gen_protocol.o(.text)
    SendReportModuleStatusAck                0x08003083   Thumb Code    30  gen_protocol.o(.text)
    SendRebootMcuAck                         0x080030a1   Thumb Code    30  gen_protocol.o(.text)
    SendResetModule                          0x080030bf   Thumb Code    30  gen_protocol.o(.text)
    SendSetModuleWorkMode                    0x080030dd   Thumb Code    34  gen_protocol.o(.text)
    HandleRebootMcu                          0x080030ff   Thumb Code    38  gen_protocol.o(.text)
    __use_no_semihosting                     0x080031a9   Thumb Code     2  use_no_semi_2.o(.text)
    __aeabi_memcpy                           0x080031ab   Thumb Code     0  rt_memcpy_v6.o(.text)
    __rt_memcpy                              0x080031ab   Thumb Code   138  rt_memcpy_v6.o(.text)
    _memcpy_lastbytes                        0x08003211   Thumb Code     0  rt_memcpy_v6.o(.text)
    __aeabi_memclr                           0x08003235   Thumb Code     0  rt_memclr.o(.text)
    __rt_memclr                              0x08003235   Thumb Code    68  rt_memclr.o(.text)
    _memset                                  0x08003239   Thumb Code     0  rt_memclr.o(.text)
    __use_two_region_memory                  0x08003279   Thumb Code     2  heapauxi.o(.text)
    __rt_heap_escrow$2region                 0x0800327b   Thumb Code     2  heapauxi.o(.text)
    __rt_heap_expand$2region                 0x0800327d   Thumb Code     2  heapauxi.o(.text)
    __I$use$semihosting                      0x0800327f   Thumb Code     0  use_no_semi.o(.text)
    __use_no_semihosting_swi                 0x0800327f   Thumb Code     2  use_no_semi.o(.text)
    __aeabi_memcpy4                          0x08003281   Thumb Code     0  rt_memcpy_w.o(.text)
    __aeabi_memcpy8                          0x08003281   Thumb Code     0  rt_memcpy_w.o(.text)
    __rt_memcpy_w                            0x08003281   Thumb Code   100  rt_memcpy_w.o(.text)
    _memcpy_lastbytes_aligned                0x080032c9   Thumb Code     0  rt_memcpy_w.o(.text)
    __aeabi_memclr4                          0x080032e5   Thumb Code     0  rt_memclr_w.o(.text)
    __aeabi_memclr8                          0x080032e5   Thumb Code     0  rt_memclr_w.o(.text)
    __rt_memclr_w                            0x080032e5   Thumb Code    78  rt_memclr_w.o(.text)
    _memset_w                                0x080032e9   Thumb Code     0  rt_memclr_w.o(.text)
    __user_setup_stackheap                   0x08003333   Thumb Code    74  sys_stackheap_outer.o(.text)
    exit                                     0x0800337d   Thumb Code    12  exit.o(.text)
    __user_libspace                          0x08003389   Thumb Code     8  libspace.o(.text)
    __user_perproc_libspace                  0x08003389   Thumb Code     0  libspace.o(.text)
    __user_perthread_libspace                0x08003389   Thumb Code     0  libspace.o(.text)
    Region$$Table$$Base                      0x08003390   Number         0  anon$$obj.o(Region$$Table)
    Region$$Table$$Limit                     0x080033b0   Number         0  anon$$obj.o(Region$$Table)
    SystemCoreClock                          0x20000018   Data           4  system_stm32f10x.o(.data)
    AHBPrescTable                            0x2000001c   Data          16  system_stm32f10x.o(.data)
    uart_buf_index                           0x20000030   Data           2  uart.o(.data)
    uart_msg_len                             0x20000032   Data           2  uart.o(.data)
    uart_msg_sn                              0x20000034   Data           1  uart.o(.data)
    uart_got_one_msg                         0x20000035   Data           1  uart.o(.data)
    uart_wait_ack_time                       0x20000036   Data           1  uart.o(.data)
    key_return                               0x20000038   Data           2  key.o(.data)
    check_status_time                        0x2000003a   Data           2  buz_protocol.o(.data)
    report_status_idle_time                  0x2000003c   Data           2  buz_protocol.o(.data)
    uart_buf                                 0x20000040   Data         256  uart.o(.bss)
    m_protocol_write                         0x20000140   Data          12  buz_protocol.o(.bss)
    m_protocol_write_ack                     0x2000014c   Data           9  buz_protocol.o(.bss)
    m_protocol_read                          0x20000155   Data          10  buz_protocol.o(.bss)
    m_protocol_mcu_status_current            0x2000015f   Data          12  buz_protocol.o(.bss)
    m_protocol_mcu_status_last               0x2000016b   Data          12  buz_protocol.o(.bss)
    m_protocol_cmd_error                     0x20000177   Data          10  gen_protocol.o(.bss)
    m_protocol_get_mcu_info_ack              0x20000181   Data          75  gen_protocol.o(.bss)
    m_protocol_heartbeat_ack                 0x200001cc   Data           9  gen_protocol.o(.bss)
    m_protocol_report_module_status_ack      0x200001d5   Data           9  gen_protocol.o(.bss)
    m_protocol_reboot_mcu_ack                0x200001de   Data           9  gen_protocol.o(.bss)
    m_protocol_reset_module                  0x200001e7   Data           9  gen_protocol.o(.bss)
    m_protocol_set_module_work_mode          0x200001f0   Data          10  gen_protocol.o(.bss)
    __libspace_start                         0x200001fc   Data          96  libspace.o(.bss)
    __temporary_stack_top$libspace           0x2000025c   Data           0  libspace.o(.bss)



==============================================================================

Memory Map of the image

  Image Entry point : 0x080000ed

  Load Region LR_IROM1 (Base: 0x08000000, Size: 0x000033f0, Max: 0x00010000, ABSOLUTE)

    Execution Region ER_IROM1 (Base: 0x08000000, Size: 0x000033b0, Max: 0x00010000, ABSOLUTE)

    Base Addr    Size         Type   Attr      Idx    E Section Name        Object

    0x08000000   0x000000ec   Data   RO            3    RESET               startup_stm32f10x_md.o
    0x080000ec   0x00000008   Code   RO          428  * !!!main             c_w.l(__main.o)
    0x080000f4   0x00000034   Code   RO          586    !!!scatter          c_w.l(__scatter.o)
    0x08000128   0x0000001a   Code   RO          588    !!handler_copy      c_w.l(__scatter_copy.o)
    0x08000142   0x00000002   PAD
    0x08000144   0x0000001c   Code   RO          590    !!handler_zi        c_w.l(__scatter_zi.o)
    0x08000160   0x00000002   Code   RO          461    .ARM.Collect$$libinit$$00000000  c_w.l(libinit.o)
    0x08000162   0x00000000   Code   RO          468    .ARM.Collect$$libinit$$00000002  c_w.l(libinit2.o)
    0x08000162   0x00000000   Code   RO          470    .ARM.Collect$$libinit$$00000004  c_w.l(libinit2.o)
    0x08000162   0x00000000   Code   RO          473    .ARM.Collect$$libinit$$0000000A  c_w.l(libinit2.o)
    0x08000162   0x00000000   Code   RO          475    .ARM.Collect$$libinit$$0000000C  c_w.l(libinit2.o)
    0x08000162   0x00000000   Code   RO          477    .ARM.Collect$$libinit$$0000000E  c_w.l(libinit2.o)
    0x08000162   0x00000000   Code   RO          480    .ARM.Collect$$libinit$$00000011  c_w.l(libinit2.o)
    0x08000162   0x00000000   Code   RO          482    .ARM.Collect$$libinit$$00000013  c_w.l(libinit2.o)
    0x08000162   0x00000000   Code   RO          484    .ARM.Collect$$libinit$$00000015  c_w.l(libinit2.o)
    0x08000162   0x00000000   Code   RO          486    .ARM.Collect$$libinit$$00000017  c_w.l(libinit2.o)
    0x08000162   0x00000000   Code   RO          488    .ARM.Collect$$libinit$$00000019  c_w.l(libinit2.o)
    0x08000162   0x00000000   Code   RO          490    .ARM.Collect$$libinit$$0000001B  c_w.l(libinit2.o)
    0x08000162   0x00000000   Code   RO          492    .ARM.Collect$$libinit$$0000001D  c_w.l(libinit2.o)
    0x08000162   0x00000000   Code   RO          494    .ARM.Collect$$libinit$$0000001F  c_w.l(libinit2.o)
    0x08000162   0x00000000   Code   RO          496    .ARM.Collect$$libinit$$00000021  c_w.l(libinit2.o)
    0x08000162   0x00000000   Code   RO          498    .ARM.Collect$$libinit$$00000023  c_w.l(libinit2.o)
    0x08000162   0x00000000   Code   RO          500    .ARM.Collect$$libinit$$00000025  c_w.l(libinit2.o)
    0x08000162   0x00000000   Code   RO          504    .ARM.Collect$$libinit$$0000002C  c_w.l(libinit2.o)
    0x08000162   0x00000000   Code   RO          506    .ARM.Collect$$libinit$$0000002E  c_w.l(libinit2.o)
    0x08000162   0x00000000   Code   RO          508    .ARM.Collect$$libinit$$00000030  c_w.l(libinit2.o)
    0x08000162   0x00000000   Code   RO          510    .ARM.Collect$$libinit$$00000032  c_w.l(libinit2.o)
    0x08000162   0x00000002   Code   RO          511    .ARM.Collect$$libinit$$00000033  c_w.l(libinit2.o)
    0x08000164   0x00000002   Code   RO          529    .ARM.Collect$$libshutdown$$00000000  c_w.l(libshutdown.o)
    0x08000166   0x00000000   Code   RO          540    .ARM.Collect$$libshutdown$$00000003  c_w.l(libshutdown2.o)
    0x08000166   0x00000000   Code   RO          543    .ARM.Collect$$libshutdown$$00000006  c_w.l(libshutdown2.o)
    0x08000166   0x00000000   Code   RO          546    .ARM.Collect$$libshutdown$$00000009  c_w.l(libshutdown2.o)
    0x08000166   0x00000000   Code   RO          548    .ARM.Collect$$libshutdown$$0000000B  c_w.l(libshutdown2.o)
    0x08000166   0x00000000   Code   RO          551    .ARM.Collect$$libshutdown$$0000000E  c_w.l(libshutdown2.o)
    0x08000166   0x00000002   Code   RO          552    .ARM.Collect$$libshutdown$$0000000F  c_w.l(libshutdown2.o)
    0x08000168   0x00000000   Code   RO          432    .ARM.Collect$$rtentry$$00000000  c_w.l(__rtentry.o)
    0x08000168   0x00000000   Code   RO          438    .ARM.Collect$$rtentry$$00000002  c_w.l(__rtentry2.o)
    0x08000168   0x00000006   Code   RO          450    .ARM.Collect$$rtentry$$00000004  c_w.l(__rtentry4.o)
    0x0800016e   0x00000000   Code   RO          440    .ARM.Collect$$rtentry$$00000009  c_w.l(__rtentry2.o)
    0x0800016e   0x00000004   Code   RO          441    .ARM.Collect$$rtentry$$0000000A  c_w.l(__rtentry2.o)
    0x08000172   0x00000000   Code   RO          443    .ARM.Collect$$rtentry$$0000000C  c_w.l(__rtentry2.o)
    0x08000172   0x00000008   Code   RO          444    .ARM.Collect$$rtentry$$0000000D  c_w.l(__rtentry2.o)
    0x0800017a   0x00000002   Code   RO          465    .ARM.Collect$$rtexit$$00000000  c_w.l(rtexit.o)
    0x0800017c   0x00000000   Code   RO          513    .ARM.Collect$$rtexit$$00000002  c_w.l(rtexit2.o)
    0x0800017c   0x00000004   Code   RO          514    .ARM.Collect$$rtexit$$00000003  c_w.l(rtexit2.o)
    0x08000180   0x00000006   Code   RO          515    .ARM.Collect$$rtexit$$00000004  c_w.l(rtexit2.o)
    0x08000186   0x00000002   PAD
    0x08000188   0x00000040   Code   RO            4    .text               startup_stm32f10x_md.o
    0x080001c8   0x0000035c   Code   RO           24    .text               stm32f10x_gpio.o
    0x08000524   0x000003a4   Code   RO           68    .text               stm32f10x_rcc.o
    0x080008c8   0x00000408   Code   RO           82    .text               stm32f10x_usart.o
    0x08000cd0   0x000000dc   Code   RO           94    .text               misc.o
    0x08000dac   0x00000e1a   Code   RO          106    .text               stm32f10x_tim.o
    0x08001bc6   0x00000002   PAD
    0x08001bc8   0x0000011c   Code   RO          118    .text               stm32f10x_exti.o
    0x08001ce4   0x00000046   Code   RO          130    .text               main.o
    0x08001d2a   0x00000002   PAD
    0x08001d2c   0x00000234   Code   RO          188    .text               stm32f10x_it.o
    0x08001f60   0x000001e0   Code   RO          208    .text               system_stm32f10x.o
    0x08002140   0x000000d4   Code   RO          226    .text               delay.o
    0x08002214   0x00000110   Code   RO          243    .text               hal_uart.o
    0x08002324   0x000001a0   Code   RO          262    .text               hal_temp_hum.o
    0x080024c4   0x00000088   Code   RO          277    .text               hal_infrared.o
    0x0800254c   0x000000ac   Code   RO          289    .text               sa_gpio.o
    0x080025f8   0x00000210   Code   RO          301    .text               hal_motor.o
    0x08002808   0x00000128   Code   RO          313    .text               hal_rgb_led.o
    0x08002930   0x00000100   Code   RO          325    .text               hal_key.o
    0x08002a30   0x000000dc   Code   RO          337    .text               uart.o
    0x08002b0c   0x000000b0   Code   RO          353    .text               key.o
    0x08002bbc   0x00000002   Code   RO          369    .text               infrared.o
    0x08002bbe   0x00000002   PAD
    0x08002bc0   0x000001f0   Code   RO          381    .text               buz_protocol.o
    0x08002db0   0x000003f8   Code   RO          398    .text               gen_protocol.o
    0x080031a8   0x00000002   Code   RO          420    .text               c_w.l(use_no_semi_2.o)
    0x080031aa   0x0000008a   Code   RO          422    .text               c_w.l(rt_memcpy_v6.o)
    0x08003234   0x00000044   Code   RO          424    .text               c_w.l(rt_memclr.o)
    0x08003278   0x00000006   Code   RO          426    .text               c_w.l(heapauxi.o)
    0x0800327e   0x00000002   Code   RO          430    .text               c_w.l(use_no_semi.o)
    0x08003280   0x00000064   Code   RO          433    .text               c_w.l(rt_memcpy_w.o)
    0x080032e4   0x0000004e   Code   RO          435    .text               c_w.l(rt_memclr_w.o)
    0x08003332   0x0000004a   Code   RO          452    .text               c_w.l(sys_stackheap_outer.o)
    0x0800337c   0x0000000c   Code   RO          454    .text               c_w.l(exit.o)
    0x08003388   0x00000008   Code   RO          462    .text               c_w.l(libspace.o)
    0x08003390   0x00000020   Data   RO          584    Region$$Table       anon$$obj.o


    Execution Region RW_IRAM1 (Base: 0x20000000, Size: 0x00000860, Max: 0x00005000, ABSOLUTE)

    Base Addr    Size         Type   Attr      Idx    E Section Name        Object

    0x20000000   0x00000014   Data   RW           69    .data               stm32f10x_rcc.o
    0x20000014   0x00000004   Data   RW          189    .data               stm32f10x_it.o
    0x20000018   0x00000014   Data   RW          209    .data               system_stm32f10x.o
    0x2000002c   0x00000004   Data   RW          227    .data               delay.o
    0x20000030   0x00000007   Data   RW          339    .data               uart.o
    0x20000037   0x00000001   PAD
    0x20000038   0x00000002   Data   RW          354    .data               key.o
    0x2000003a   0x00000004   Data   RW          383    .data               buz_protocol.o
    0x2000003e   0x00000002   PAD
    0x20000040   0x00000100   Zero   RW          338    .bss                uart.o
    0x20000140   0x00000037   Zero   RW          382    .bss                buz_protocol.o
    0x20000177   0x00000083   Zero   RW          399    .bss                gen_protocol.o
    0x200001fa   0x00000002   PAD
    0x200001fc   0x00000060   Zero   RW          463    .bss                c_w.l(libspace.o)
    0x2000025c   0x00000004   PAD
    0x20000260   0x00000200   Zero   RW            2    HEAP                startup_stm32f10x_md.o
    0x20000460   0x00000400   Zero   RW            1    STACK               startup_stm32f10x_md.o


==============================================================================

Image component sizes


      Code (inc. data)   RO Data    RW Data    ZI Data      Debug   Object Name

       496         34          0          4         55       2740   buz_protocol.o
         0          0          0          0          0       4500   core_cm3.o
       212         18          0          4          0        911   delay.o
      1016        132          0          0        131      19345   gen_protocol.o
       136          4          0          0          0        796   hal_infrared.o
       256          8          0          0          0        990   hal_key.o
       528         36          0          0          0       2160   hal_motor.o
       296          4          0          0          0       1920   hal_rgb_led.o
       416         12          0          0          0       2122   hal_temp_hum.o
       272         10          0          0          0       3093   hal_uart.o
         2          0          0          0          0        428   infrared.o
       176         10          0          2          0        673   key.o
        70          0          0          0          0       3679   main.o
       220         22          0          0          0       1661   misc.o
       172         30          0          0          0        995   sa_gpio.o
        64         26        236          0       1536        812   startup_stm32f10x_md.o
       284         10          0          0          0       2091   stm32f10x_exti.o
       860         38          0          0          0     254193   stm32f10x_gpio.o
       564         62          0          4          0       2009   stm32f10x_it.o
       932         36          0         20          0       8624   stm32f10x_rcc.o
      3610         88          0          0          0      21988   stm32f10x_tim.o
      1032         22          0          0          0       8232   stm32f10x_usart.o
       480         38          0         20          0       1675   system_stm32f10x.o
       220         16          0          7        256       1392   uart.o

    ----------------------------------------------------------------------
     12320        656        268         64       1980     347029   Object Totals
         0          0         32          0          0          0   (incl. Generated)
         6          0          0          3          2          0   (incl. Padding)

    ----------------------------------------------------------------------

      Code (inc. data)   RO Data    RW Data    ZI Data      Debug   Library Member Name

         8          0          0          0          0         68   __main.o
         0          0          0          0          0          0   __rtentry.o
        12          0          0          0          0          0   __rtentry2.o
         6          0          0          0          0          0   __rtentry4.o
        52          8          0          0          0          0   __scatter.o
        26          0          0          0          0          0   __scatter_copy.o
        28          0          0          0          0          0   __scatter_zi.o
        12          0          0          0          0         72   exit.o
         6          0          0          0          0        152   heapauxi.o
         2          0          0          0          0          0   libinit.o
         2          0          0          0          0          0   libinit2.o
         2          0          0          0          0          0   libshutdown.o
         2          0          0          0          0          0   libshutdown2.o
         8          4          0          0         96         68   libspace.o
        68          0          0          0          0         68   rt_memclr.o
        78          0          0          0          0         80   rt_memclr_w.o
       138          0          0          0          0         68   rt_memcpy_v6.o
       100          0          0          0          0         80   rt_memcpy_w.o
         2          0          0          0          0          0   rtexit.o
        10          0          0          0          0          0   rtexit2.o
        74          0          0          0          0         80   sys_stackheap_outer.o
         2          0          0          0          0         68   use_no_semi.o
         2          0          0          0          0         68   use_no_semi_2.o

    ----------------------------------------------------------------------
       644         12          0          0        100        872   Library Totals
         4          0          0          0          4          0   (incl. Padding)

    ----------------------------------------------------------------------

      Code (inc. data)   RO Data    RW Data    ZI Data      Debug   Library Name

       640         12          0          0         96        872   c_w.l

    ----------------------------------------------------------------------
       644         12          0          0        100        872   Library Totals

    ----------------------------------------------------------------------

==============================================================================


      Code (inc. data)   RO Data    RW Data    ZI Data      Debug   

     12964        668        268         64       2080     345817   Grand Totals
     12964        668        268         64       2080     345817   ELF Image Totals
     12964        668        268         64          0          0   ROM Totals

==============================================================================

    Total RO  Size (Code + RO Data)                13232 (  12.92kB)
    Total RW  Size (RW Data + ZI Data)              2144 (   2.09kB)
    Total ROM Size (Code + RO Data + RW Data)      13296 (  12.98kB)

==============================================================================

